######## links and a current page
== idle
div | fill - | border - | opacity 1.00 | radius 0.0 | scale - | 272.0x200.0
  div | fill - | border - | opacity 1.00 | radius 0.0 | scale - | 31.0x16.0
    div | fill - | border - | opacity 1.00 | radius 0.0 | scale - | 31.0x16.0
      text "Home" color 0.678,0.702,0.761,1.000 size 14.0 | fill - | border - | opacity 1.00 | radius 0.0 | scale - | 31.0x16.0
  div | fill - | border - | opacity 1.00 | radius 0.0 | scale - | 14.0x14.0
    svg tint 0.451,0.478,0.549,1.000 | fill - | border - | opacity 1.00 | radius 0.0 | scale - | 14.0x14.0
  div | fill - | border - | opacity 1.00 | radius 0.0 | scale - | 54.0x16.0
    div | fill - | border - | opacity 1.00 | radius 0.0 | scale - | 54.0x16.0
      text "Library" color 0.678,0.702,0.761,1.000 size 14.0 | fill - | border - | opacity 1.00 | radius 0.0 | scale - | 54.0x16.0
  div | fill - | border - | opacity 1.00 | radius 0.0 | scale - | 14.0x14.0
    svg tint 0.451,0.478,0.549,1.000 | fill - | border - | opacity 1.00 | radius 0.0 | scale - | 14.0x14.0
  div | fill - | border - | opacity 1.00 | radius 0.0 | scale - | 31.0x16.0
    div | fill - | border - | opacity 1.00 | radius 0.0 | scale - | 31.0x16.0
      text "Data" color 0.925,0.933,0.957,1.000 size 14.0 | fill - | border - | opacity 1.00 | radius 0.0 | scale - | 31.0x16.0
== hover
div | fill - | border - | opacity 1.00 | radius 0.0 | scale - | 272.0x200.0
  div | fill - | border - | opacity 1.00 | radius 0.0 | scale - | 31.0x16.0
    div | fill - | border - | opacity 1.00 | radius 0.0 | scale - | 31.0x16.0
      text "Home" color 0.490,0.659,1.000,1.000 size 14.0 | fill - | border - | opacity 1.00 | radius 0.0 | scale - | 31.0x16.0
  div | fill - | border - | opacity 1.00 | radius 0.0 | scale - | 14.0x14.0
    svg tint 0.451,0.478,0.549,1.000 | fill - | border - | opacity 1.00 | radius 0.0 | scale - | 14.0x14.0
  div | fill - | border - | opacity 1.00 | radius 0.0 | scale - | 54.0x16.0
    div | fill - | border - | opacity 1.00 | radius 0.0 | scale - | 54.0x16.0
      text "Library" color 0.678,0.702,0.761,1.000 size 14.0 | fill - | border - | opacity 1.00 | radius 0.0 | scale - | 54.0x16.0
  div | fill - | border - | opacity 1.00 | radius 0.0 | scale - | 14.0x14.0
    svg tint 0.451,0.478,0.549,1.000 | fill - | border - | opacity 1.00 | radius 0.0 | scale - | 14.0x14.0
  div | fill - | border - | opacity 1.00 | radius 0.0 | scale - | 31.0x16.0
    div | fill - | border - | opacity 1.00 | radius 0.0 | scale - | 31.0x16.0
      text "Data" color 0.925,0.933,0.957,1.000 size 14.0 | fill - | border - | opacity 1.00 | radius 0.0 | scale - | 31.0x16.0
== pressed
div | fill - | border - | opacity 1.00 | radius 0.0 | scale - | 272.0x200.0
  div | fill - | border - | opacity 1.00 | radius 0.0 | scale - | 31.0x16.0
    div | fill - | border - | opacity 1.00 | radius 0.0 | scale - | 31.0x16.0
      text "Home" color 0.490,0.659,1.000,1.000 size 14.0 | fill - | border - | opacity 1.00 | radius 0.0 | scale - | 31.0x16.0
  div | fill - | border - | opacity 1.00 | radius 0.0 | scale - | 14.0x14.0
    svg tint 0.451,0.478,0.549,1.000 | fill - | border - | opacity 1.00 | radius 0.0 | scale - | 14.0x14.0
  div | fill - | border - | opacity 1.00 | radius 0.0 | scale - | 54.0x16.0
    div | fill - | border - | opacity 1.00 | radius 0.0 | scale - | 54.0x16.0
      text "Library" color 0.678,0.702,0.761,1.000 size 14.0 | fill - | border - | opacity 1.00 | radius 0.0 | scale - | 54.0x16.0
  div | fill - | border - | opacity 1.00 | radius 0.0 | scale - | 14.0x14.0
    svg tint 0.451,0.478,0.549,1.000 | fill - | border - | opacity 1.00 | radius 0.0 | scale - | 14.0x14.0
  div | fill - | border - | opacity 1.00 | radius 0.0 | scale - | 31.0x16.0
    div | fill - | border - | opacity 1.00 | radius 0.0 | scale - | 31.0x16.0
      text "Data" color 0.925,0.933,0.957,1.000 size 14.0 | fill - | border - | opacity 1.00 | radius 0.0 | scale - | 31.0x16.0
== released
div | fill - | border - | opacity 1.00 | radius 0.0 | scale - | 272.0x200.0
  div | fill - | border - | opacity 1.00 | radius 0.0 | scale - | 31.0x16.0
    div | fill - | border - | opacity 1.00 | radius 0.0 | scale - | 31.0x16.0
      text "Home" color 0.490,0.659,1.000,1.000 size 14.0 | fill - | border - | opacity 1.00 | radius 0.0 | scale - | 31.0x16.0
  div | fill - | border - | opacity 1.00 | radius 0.0 | scale - | 14.0x14.0
    svg tint 0.451,0.478,0.549,1.000 | fill - | border - | opacity 1.00 | radius 0.0 | scale - | 14.0x14.0
  div | fill - | border - | opacity 1.00 | radius 0.0 | scale - | 54.0x16.0
    div | fill - | border - | opacity 1.00 | radius 0.0 | scale - | 54.0x16.0
      text "Library" color 0.678,0.702,0.761,1.000 size 14.0 | fill - | border - | opacity 1.00 | radius 0.0 | scale - | 54.0x16.0
  div | fill - | border - | opacity 1.00 | radius 0.0 | scale - | 14.0x14.0
    svg tint 0.451,0.478,0.549,1.000 | fill - | border - | opacity 1.00 | radius 0.0 | scale - | 14.0x14.0
  div | fill - | border - | opacity 1.00 | radius 0.0 | scale - | 31.0x16.0
    div | fill - | border - | opacity 1.00 | radius 0.0 | scale - | 31.0x16.0
      text "Data" color 0.925,0.933,0.957,1.000 size 14.0 | fill - | border - | opacity 1.00 | radius 0.0 | scale - | 31.0x16.0
== left
div | fill - | border - | opacity 1.00 | radius 0.0 | scale - | 272.0x200.0
  div | fill - | border - | opacity 1.00 | radius 0.0 | scale - | 31.0x16.0
    div | fill - | border - | opacity 1.00 | radius 0.0 | scale - | 31.0x16.0
      text "Home" color 0.678,0.702,0.761,1.000 size 14.0 | fill - | border - | opacity 1.00 | radius 0.0 | scale - | 31.0x16.0
  div | fill - | border - | opacity 1.00 | radius 0.0 | scale - | 14.0x14.0
    svg tint 0.451,0.478,0.549,1.000 | fill - | border - | opacity 1.00 | radius 0.0 | scale - | 14.0x14.0
  div | fill - | border - | opacity 1.00 | radius 0.0 | scale - | 54.0x16.0
    div | fill - | border - | opacity 1.00 | radius 0.0 | scale - | 54.0x16.0
      text "Library" color 0.678,0.702,0.761,1.000 size 14.0 | fill - | border - | opacity 1.00 | radius 0.0 | scale - | 54.0x16.0
  div | fill - | border - | opacity 1.00 | radius 0.0 | scale - | 14.0x14.0
    svg tint 0.451,0.478,0.549,1.000 | fill - | border - | opacity 1.00 | radius 0.0 | scale - | 14.0x14.0
  div | fill - | border - | opacity 1.00 | radius 0.0 | scale - | 31.0x16.0
    div | fill - | border - | opacity 1.00 | radius 0.0 | scale - | 31.0x16.0
      text "Data" color 0.925,0.933,0.957,1.000 size 14.0 | fill - | border - | opacity 1.00 | radius 0.0 | scale - | 31.0x16.0
== hover again
div | fill - | border - | opacity 1.00 | radius 0.0 | scale - | 272.0x200.0
  div | fill - | border - | opacity 1.00 | radius 0.0 | scale - | 31.0x16.0
    div | fill - | border - | opacity 1.00 | radius 0.0 | scale - | 31.0x16.0
      text "Home" color 0.490,0.659,1.000,1.000 size 14.0 | fill - | border - | opacity 1.00 | radius 0.0 | scale - | 31.0x16.0
  div | fill - | border - | opacity 1.00 | radius 0.0 | scale - | 14.0x14.0
    svg tint 0.451,0.478,0.549,1.000 | fill - | border - | opacity 1.00 | radius 0.0 | scale - | 14.0x14.0
  div | fill - | border - | opacity 1.00 | radius 0.0 | scale - | 54.0x16.0
    div | fill - | border - | opacity 1.00 | radius 0.0 | scale - | 54.0x16.0
      text "Library" color 0.678,0.702,0.761,1.000 size 14.0 | fill - | border - | opacity 1.00 | radius 0.0 | scale - | 54.0x16.0
  div | fill - | border - | opacity 1.00 | radius 0.0 | scale - | 14.0x14.0
    svg tint 0.451,0.478,0.549,1.000 | fill - | border - | opacity 1.00 | radius 0.0 | scale - | 14.0x14.0
  div | fill - | border - | opacity 1.00 | radius 0.0 | scale - | 31.0x16.0
    div | fill - | border - | opacity 1.00 | radius 0.0 | scale - | 31.0x16.0
      text "Data" color 0.925,0.933,0.957,1.000 size 14.0 | fill - | border - | opacity 1.00 | radius 0.0 | scale - | 31.0x16.0
== pressed again
div | fill - | border - | opacity 1.00 | radius 0.0 | scale - | 272.0x200.0
  div | fill - | border - | opacity 1.00 | radius 0.0 | scale - | 31.0x16.0
    div | fill - | border - | opacity 1.00 | radius 0.0 | scale - | 31.0x16.0
      text "Home" color 0.490,0.659,1.000,1.000 size 14.0 | fill - | border - | opacity 1.00 | radius 0.0 | scale - | 31.0x16.0
  div | fill - | border - | opacity 1.00 | radius 0.0 | scale - | 14.0x14.0
    svg tint 0.451,0.478,0.549,1.000 | fill - | border - | opacity 1.00 | radius 0.0 | scale - | 14.0x14.0
  div | fill - | border - | opacity 1.00 | radius 0.0 | scale - | 54.0x16.0
    div | fill - | border - | opacity 1.00 | radius 0.0 | scale - | 54.0x16.0
      text "Library" color 0.678,0.702,0.761,1.000 size 14.0 | fill - | border - | opacity 1.00 | radius 0.0 | scale - | 54.0x16.0
  div | fill - | border - | opacity 1.00 | radius 0.0 | scale - | 14.0x14.0
    svg tint 0.451,0.478,0.549,1.000 | fill - | border - | opacity 1.00 | radius 0.0 | scale - | 14.0x14.0
  div | fill - | border - | opacity 1.00 | radius 0.0 | scale - | 31.0x16.0
    div | fill - | border - | opacity 1.00 | radius 0.0 | scale - | 31.0x16.0
      text "Data" color 0.925,0.933,0.957,1.000 size 14.0 | fill - | border - | opacity 1.00 | radius 0.0 | scale - | 31.0x16.0
== released again
div | fill - | border - | opacity 1.00 | radius 0.0 | scale - | 272.0x200.0
  div | fill - | border - | opacity 1.00 | radius 0.0 | scale - | 31.0x16.0
    div | fill - | border - | opacity 1.00 | radius 0.0 | scale - | 31.0x16.0
      text "Home" color 0.490,0.659,1.000,1.000 size 14.0 | fill - | border - | opacity 1.00 | radius 0.0 | scale - | 31.0x16.0
  div | fill - | border - | opacity 1.00 | radius 0.0 | scale - | 14.0x14.0
    svg tint 0.451,0.478,0.549,1.000 | fill - | border - | opacity 1.00 | radius 0.0 | scale - | 14.0x14.0
  div | fill - | border - | opacity 1.00 | radius 0.0 | scale - | 54.0x16.0
    div | fill - | border - | opacity 1.00 | radius 0.0 | scale - | 54.0x16.0
      text "Library" color 0.678,0.702,0.761,1.000 size 14.0 | fill - | border - | opacity 1.00 | radius 0.0 | scale - | 54.0x16.0
  div | fill - | border - | opacity 1.00 | radius 0.0 | scale - | 14.0x14.0
    svg tint 0.451,0.478,0.549,1.000 | fill - | border - | opacity 1.00 | radius 0.0 | scale - | 14.0x14.0
  div | fill - | border - | opacity 1.00 | radius 0.0 | scale - | 31.0x16.0
    div | fill - | border - | opacity 1.00 | radius 0.0 | scale - | 31.0x16.0
      text "Data" color 0.925,0.933,0.957,1.000 size 14.0 | fill - | border - | opacity 1.00 | radius 0.0 | scale - | 31.0x16.0
######## with icons and a slash
== idle
div | fill - | border - | opacity 1.00 | radius 0.0 | scale - | 319.0x200.0
  div | fill - | border - | opacity 1.00 | radius 0.0 | scale - | 61.0x16.0
    div | fill - | border - | opacity 1.00 | radius 0.0 | scale - | 14.0x14.0
      svg tint 0.678,0.702,0.761,1.000 | fill - | border - | opacity 1.00 | radius 0.0 | scale - | 14.0x14.0
    div | fill - | border - | opacity 1.00 | radius 0.0 | scale - | 31.0x16.0
      text "Home" color 0.678,0.702,0.761,1.000 size 14.0 | fill - | border - | opacity 1.00 | radius 0.0 | scale - | 31.0x16.0
  div | fill - | border - | opacity 1.00 | radius 0.0 | scale - | 8.0x16.0
    text "/" color 0.451,0.478,0.549,1.000 size 14.0 | fill - | border - | opacity 1.00 | radius 0.0 | scale - | 8.0x16.0
  div | fill - | border - | opacity 1.00 | radius 0.0 | scale - | 53.0x16.0
    div | fill - | border - | opacity 1.00 | radius 0.0 | scale - | 53.0x16.0
      text "Library" color 0.678,0.702,0.761,1.000 size 14.0 | fill - | border - | opacity 1.00 | radius 0.0 | scale - | 53.0x16.0
  div | fill - | border - | opacity 1.00 | radius 0.0 | scale - | 8.0x16.0
    text "/" color 0.451,0.478,0.549,1.000 size 14.0 | fill - | border - | opacity 1.00 | radius 0.0 | scale - | 8.0x16.0
  div | fill - | border - | opacity 1.00 | radius 0.0 | scale - | 61.0x16.0
    div | fill - | border - | opacity 1.00 | radius 0.0 | scale - | 14.0x14.0
      svg tint 0.925,0.933,0.957,1.000 | fill - | border - | opacity 1.00 | radius 0.0 | scale - | 14.0x14.0
    div | fill - | border - | opacity 1.00 | radius 0.0 | scale - | 31.0x16.0
      text "Data" color 0.925,0.933,0.957,1.000 size 14.0 | fill - | border - | opacity 1.00 | radius 0.0 | scale - | 31.0x16.0
== hover
div | fill - | border - | opacity 1.00 | radius 0.0 | scale - | 319.0x200.0
  div | fill - | border - | opacity 1.00 | radius 0.0 | scale - | 61.0x16.0
    div | fill - | border - | opacity 1.00 | radius 0.0 | scale - | 14.0x14.0
      svg tint 0.490,0.659,1.000,1.000 | fill - | border - | opacity 1.00 | radius 0.0 | scale - | 14.0x14.0
    div | fill - | border - | opacity 1.00 | radius 0.0 | scale - | 31.0x16.0
      text "Home" color 0.490,0.659,1.000,1.000 size 14.0 | fill - | border - | opacity 1.00 | radius 0.0 | scale - | 31.0x16.0
  div | fill - | border - | opacity 1.00 | radius 0.0 | scale - | 8.0x16.0
    text "/" color 0.451,0.478,0.549,1.000 size 14.0 | fill - | border - | opacity 1.00 | radius 0.0 | scale - | 8.0x16.0
  div | fill - | border - | opacity 1.00 | radius 0.0 | scale - | 53.0x16.0
    div | fill - | border - | opacity 1.00 | radius 0.0 | scale - | 53.0x16.0
      text "Library" color 0.678,0.702,0.761,1.000 size 14.0 | fill - | border - | opacity 1.00 | radius 0.0 | scale - | 53.0x16.0
  div | fill - | border - | opacity 1.00 | radius 0.0 | scale - | 8.0x16.0
    text "/" color 0.451,0.478,0.549,1.000 size 14.0 | fill - | border - | opacity 1.00 | radius 0.0 | scale - | 8.0x16.0
  div | fill - | border - | opacity 1.00 | radius 0.0 | scale - | 61.0x16.0
    div | fill - | border - | opacity 1.00 | radius 0.0 | scale - | 14.0x14.0
      svg tint 0.925,0.933,0.957,1.000 | fill - | border - | opacity 1.00 | radius 0.0 | scale - | 14.0x14.0
    div | fill - | border - | opacity 1.00 | radius 0.0 | scale - | 31.0x16.0
      text "Data" color 0.925,0.933,0.957,1.000 size 14.0 | fill - | border - | opacity 1.00 | radius 0.0 | scale - | 31.0x16.0
== pressed
div | fill - | border - | opacity 1.00 | radius 0.0 | scale - | 319.0x200.0
  div | fill - | border - | opacity 1.00 | radius 0.0 | scale - | 61.0x16.0
    div | fill - | border - | opacity 1.00 | radius 0.0 | scale - | 14.0x14.0
      svg tint 0.490,0.659,1.000,1.000 | fill - | border - | opacity 1.00 | radius 0.0 | scale - | 14.0x14.0
    div | fill - | border - | opacity 1.00 | radius 0.0 | scale - | 31.0x16.0
      text "Home" color 0.490,0.659,1.000,1.000 size 14.0 | fill - | border - | opacity 1.00 | radius 0.0 | scale - | 31.0x16.0
  div | fill - | border - | opacity 1.00 | radius 0.0 | scale - | 8.0x16.0
    text "/" color 0.451,0.478,0.549,1.000 size 14.0 | fill - | border - | opacity 1.00 | radius 0.0 | scale - | 8.0x16.0
  div | fill - | border - | opacity 1.00 | radius 0.0 | scale - | 53.0x16.0
    div | fill - | border - | opacity 1.00 | radius 0.0 | scale - | 53.0x16.0
      text "Library" color 0.678,0.702,0.761,1.000 size 14.0 | fill - | border - | opacity 1.00 | radius 0.0 | scale - | 53.0x16.0
  div | fill - | border - | opacity 1.00 | radius 0.0 | scale - | 8.0x16.0
    text "/" color 0.451,0.478,0.549,1.000 size 14.0 | fill - | border - | opacity 1.00 | radius 0.0 | scale - | 8.0x16.0
  div | fill - | border - | opacity 1.00 | radius 0.0 | scale - | 61.0x16.0
    div | fill - | border - | opacity 1.00 | radius 0.0 | scale - | 14.0x14.0
      svg tint 0.925,0.933,0.957,1.000 | fill - | border - | opacity 1.00 | radius 0.0 | scale - | 14.0x14.0
    div | fill - | border - | opacity 1.00 | radius 0.0 | scale - | 31.0x16.0
      text "Data" color 0.925,0.933,0.957,1.000 size 14.0 | fill - | border - | opacity 1.00 | radius 0.0 | scale - | 31.0x16.0
== released
div | fill - | border - | opacity 1.00 | radius 0.0 | scale - | 319.0x200.0
  div | fill - | border - | opacity 1.00 | radius 0.0 | scale - | 61.0x16.0
    div | fill - | border - | opacity 1.00 | radius 0.0 | scale - | 14.0x14.0
      svg tint 0.490,0.659,1.000,1.000 | fill - | border - | opacity 1.00 | radius 0.0 | scale - | 14.0x14.0
    div | fill - | border - | opacity 1.00 | radius 0.0 | scale - | 31.0x16.0
      text "Home" color 0.490,0.659,1.000,1.000 size 14.0 | fill - | border - | opacity 1.00 | radius 0.0 | scale - | 31.0x16.0
  div | fill - | border - | opacity 1.00 | radius 0.0 | scale - | 8.0x16.0
    text "/" color 0.451,0.478,0.549,1.000 size 14.0 | fill - | border - | opacity 1.00 | radius 0.0 | scale - | 8.0x16.0
  div | fill - | border - | opacity 1.00 | radius 0.0 | scale - | 53.0x16.0
    div | fill - | border - | opacity 1.00 | radius 0.0 | scale - | 53.0x16.0
      text "Library" color 0.678,0.702,0.761,1.000 size 14.0 | fill - | border - | opacity 1.00 | radius 0.0 | scale - | 53.0x16.0
  div | fill - | border - | opacity 1.00 | radius 0.0 | scale - | 8.0x16.0
    text "/" color 0.451,0.478,0.549,1.000 size 14.0 | fill - | border - | opacity 1.00 | radius 0.0 | scale - | 8.0x16.0
  div | fill - | border - | opacity 1.00 | radius 0.0 | scale - | 61.0x16.0
    div | fill - | border - | opacity 1.00 | radius 0.0 | scale - | 14.0x14.0
      svg tint 0.925,0.933,0.957,1.000 | fill - | border - | opacity 1.00 | radius 0.0 | scale - | 14.0x14.0
    div | fill - | border - | opacity 1.00 | radius 0.0 | scale - | 31.0x16.0
      text "Data" color 0.925,0.933,0.957,1.000 size 14.0 | fill - | border - | opacity 1.00 | radius 0.0 | scale - | 31.0x16.0
== left
div | fill - | border - | opacity 1.00 | radius 0.0 | scale - | 319.0x200.0
  div | fill - | border - | opacity 1.00 | radius 0.0 | scale - | 61.0x16.0
    div | fill - | border - | opacity 1.00 | radius 0.0 | scale - | 14.0x14.0
      svg tint 0.678,0.702,0.761,1.000 | fill - | border - | opacity 1.00 | radius 0.0 | scale - | 14.0x14.0
    div | fill - | border - | opacity 1.00 | radius 0.0 | scale - | 31.0x16.0
      text "Home" color 0.678,0.702,0.761,1.000 size 14.0 | fill - | border - | opacity 1.00 | radius 0.0 | scale - | 31.0x16.0
  div | fill - | border - | opacity 1.00 | radius 0.0 | scale - | 8.0x16.0
    text "/" color 0.451,0.478,0.549,1.000 size 14.0 | fill - | border - | opacity 1.00 | radius 0.0 | scale - | 8.0x16.0
  div | fill - | border - | opacity 1.00 | radius 0.0 | scale - | 53.0x16.0
    div | fill - | border - | opacity 1.00 | radius 0.0 | scale - | 53.0x16.0
      text "Library" color 0.678,0.702,0.761,1.000 size 14.0 | fill - | border - | opacity 1.00 | radius 0.0 | scale - | 53.0x16.0
  div | fill - | border - | opacity 1.00 | radius 0.0 | scale - | 8.0x16.0
    text "/" color 0.451,0.478,0.549,1.000 size 14.0 | fill - | border - | opacity 1.00 | radius 0.0 | scale - | 8.0x16.0
  div | fill - | border - | opacity 1.00 | radius 0.0 | scale - | 61.0x16.0
    div | fill - | border - | opacity 1.00 | radius 0.0 | scale - | 14.0x14.0
      svg tint 0.925,0.933,0.957,1.000 | fill - | border - | opacity 1.00 | radius 0.0 | scale - | 14.0x14.0
    div | fill - | border - | opacity 1.00 | radius 0.0 | scale - | 31.0x16.0
      text "Data" color 0.925,0.933,0.957,1.000 size 14.0 | fill - | border - | opacity 1.00 | radius 0.0 | scale - | 31.0x16.0
== hover again
div | fill - | border - | opacity 1.00 | radius 0.0 | scale - | 319.0x200.0
  div | fill - | border - | opacity 1.00 | radius 0.0 | scale - | 61.0x16.0
    div | fill - | border - | opacity 1.00 | radius 0.0 | scale - | 14.0x14.0
      svg tint 0.490,0.659,1.000,1.000 | fill - | border - | opacity 1.00 | radius 0.0 | scale - | 14.0x14.0
    div | fill - | border - | opacity 1.00 | radius 0.0 | scale - | 31.0x16.0
      text "Home" color 0.490,0.659,1.000,1.000 size 14.0 | fill - | border - | opacity 1.00 | radius 0.0 | scale - | 31.0x16.0
  div | fill - | border - | opacity 1.00 | radius 0.0 | scale - | 8.0x16.0
    text "/" color 0.451,0.478,0.549,1.000 size 14.0 | fill - | border - | opacity 1.00 | radius 0.0 | scale - | 8.0x16.0
  div | fill - | border - | opacity 1.00 | radius 0.0 | scale - | 53.0x16.0
    div | fill - | border - | opacity 1.00 | radius 0.0 | scale - | 53.0x16.0
      text "Library" color 0.678,0.702,0.761,1.000 size 14.0 | fill - | border - | opacity 1.00 | radius 0.0 | scale - | 53.0x16.0
  div | fill - | border - | opacity 1.00 | radius 0.0 | scale - | 8.0x16.0
    text "/" color 0.451,0.478,0.549,1.000 size 14.0 | fill - | border - | opacity 1.00 | radius 0.0 | scale - | 8.0x16.0
  div | fill - | border - | opacity 1.00 | radius 0.0 | scale - | 61.0x16.0
    div | fill - | border - | opacity 1.00 | radius 0.0 | scale - | 14.0x14.0
      svg tint 0.925,0.933,0.957,1.000 | fill - | border - | opacity 1.00 | radius 0.0 | scale - | 14.0x14.0
    div | fill - | border - | opacity 1.00 | radius 0.0 | scale - | 31.0x16.0
      text "Data" color 0.925,0.933,0.957,1.000 size 14.0 | fill - | border - | opacity 1.00 | radius 0.0 | scale - | 31.0x16.0
== pressed again
div | fill - | border - | opacity 1.00 | radius 0.0 | scale - | 319.0x200.0
  div | fill - | border - | opacity 1.00 | radius 0.0 | scale - | 61.0x16.0
    div | fill - | border - | opacity 1.00 | radius 0.0 | scale - | 14.0x14.0
      svg tint 0.490,0.659,1.000,1.000 | fill - | border - | opacity 1.00 | radius 0.0 | scale - | 14.0x14.0
    div | fill - | border - | opacity 1.00 | radius 0.0 | scale - | 31.0x16.0
      text "Home" color 0.490,0.659,1.000,1.000 size 14.0 | fill - | border - | opacity 1.00 | radius 0.0 | scale - | 31.0x16.0
  div | fill - | border - | opacity 1.00 | radius 0.0 | scale - | 8.0x16.0
    text "/" color 0.451,0.478,0.549,1.000 size 14.0 | fill - | border - | opacity 1.00 | radius 0.0 | scale - | 8.0x16.0
  div | fill - | border - | opacity 1.00 | radius 0.0 | scale - | 53.0x16.0
    div | fill - | border - | opacity 1.00 | radius 0.0 | scale - | 53.0x16.0
      text "Library" color 0.678,0.702,0.761,1.000 size 14.0 | fill - | border - | opacity 1.00 | radius 0.0 | scale - | 53.0x16.0
  div | fill - | border - | opacity 1.00 | radius 0.0 | scale - | 8.0x16.0
    text "/" color 0.451,0.478,0.549,1.000 size 14.0 | fill - | border - | opacity 1.00 | radius 0.0 | scale - | 8.0x16.0
  div | fill - | border - | opacity 1.00 | radius 0.0 | scale - | 61.0x16.0
    div | fill - | border - | opacity 1.00 | radius 0.0 | scale - | 14.0x14.0
      svg tint 0.925,0.933,0.957,1.000 | fill - | border - | opacity 1.00 | radius 0.0 | scale - | 14.0x14.0
    div | fill - | border - | opacity 1.00 | radius 0.0 | scale - | 31.0x16.0
      text "Data" color 0.925,0.933,0.957,1.000 size 14.0 | fill - | border - | opacity 1.00 | radius 0.0 | scale - | 31.0x16.0
== released again
div | fill - | border - | opacity 1.00 | radius 0.0 | scale - | 319.0x200.0
  div | fill - | border - | opacity 1.00 | radius 0.0 | scale - | 61.0x16.0
    div | fill - | border - | opacity 1.00 | radius 0.0 | scale - | 14.0x14.0
      svg tint 0.490,0.659,1.000,1.000 | fill - | border - | opacity 1.00 | radius 0.0 | scale - | 14.0x14.0
    div | fill - | border - | opacity 1.00 | radius 0.0 | scale - | 31.0x16.0
      text "Home" color 0.490,0.659,1.000,1.000 size 14.0 | fill - | border - | opacity 1.00 | radius 0.0 | scale - | 31.0x16.0
  div | fill - | border - | opacity 1.00 | radius 0.0 | scale - | 8.0x16.0
    text "/" color 0.451,0.478,0.549,1.000 size 14.0 | fill - | border - | opacity 1.00 | radius 0.0 | scale - | 8.0x16.0
  div | fill - | border - | opacity 1.00 | radius 0.0 | scale - | 53.0x16.0
    div | fill - | border - | opacity 1.00 | radius 0.0 | scale - | 53.0x16.0
      text "Library" color 0.678,0.702,0.761,1.000 size 14.0 | fill - | border - | opacity 1.00 | radius 0.0 | scale - | 53.0x16.0
  div | fill - | border - | opacity 1.00 | radius 0.0 | scale - | 8.0x16.0
    text "/" color 0.451,0.478,0.549,1.000 size 14.0 | fill - | border - | opacity 1.00 | radius 0.0 | scale - | 8.0x16.0
  div | fill - | border - | opacity 1.00 | radius 0.0 | scale - | 61.0x16.0
    div | fill - | border - | opacity 1.00 | radius 0.0 | scale - | 14.0x14.0
      svg tint 0.925,0.933,0.957,1.000 | fill - | border - | opacity 1.00 | radius 0.0 | scale - | 14.0x14.0
    div | fill - | border - | opacity 1.00 | radius 0.0 | scale - | 31.0x16.0
      text "Data" color 0.925,0.933,0.957,1.000 size 14.0 | fill - | border - | opacity 1.00 | radius 0.0 | scale - | 31.0x16.0
