######## primary
== idle
div | fill 0.490,0.659,1.000,1.000 | border - | opacity 1.00 | radius 12.0 | scale - | 63.0x33.0 | shadow [Shadow { offset_x: 0.0, offset_y: 1.0, blur: 2.0, spread: 0.0, color: Color { r: 0.0, g: 0.0, b: 0.0, a: 0.28 } }, Shadow { offset_x: 0.0, offset_y: 4.0, blur: 8.0, spread: 0.0, color: Color { r: 0.0, g: 0.0, b: 0.0, a: 0.42 } }] | cursor None | passes pointer false
  div | fill - | border - | opacity 1.00 | radius 0.0 | scale - | 63.0x33.0 | shadow [] | cursor None | passes pointer true
    text "Save" color 0.059,0.075,0.125,1.000 size 14.0 | fill - | border - | opacity 1.00 | radius 0.0 | scale - | 31.0x17.0 | shadow [] | cursor None | passes pointer true
== hover
div | fill 0.580,0.722,1.000,1.000 | border - | opacity 1.00 | radius 12.0 | scale - | 63.0x33.0 | shadow [Shadow { offset_x: 0.0, offset_y: 1.0, blur: 2.0, spread: 0.0, color: Color { r: 0.0, g: 0.0, b: 0.0, a: 0.28 } }, Shadow { offset_x: 0.0, offset_y: 4.0, blur: 8.0, spread: 0.0, color: Color { r: 0.0, g: 0.0, b: 0.0, a: 0.42 } }] | cursor None | passes pointer false
  div | fill - | border - | opacity 1.00 | radius 0.0 | scale - | 63.0x33.0 | shadow [] | cursor None | passes pointer true
    text "Save" color 0.059,0.075,0.125,1.000 size 14.0 | fill - | border - | opacity 1.00 | radius 0.0 | scale - | 31.0x17.0 | shadow [] | cursor None | passes pointer true
== pressed
div | fill 0.675,0.784,1.000,1.000 | border - | opacity 1.00 | radius 12.0 | scale - | 63.0x33.0 | shadow [Shadow { offset_x: 0.0, offset_y: 1.0, blur: 2.0, spread: 0.0, color: Color { r: 0.0, g: 0.0, b: 0.0, a: 0.28 } }, Shadow { offset_x: 0.0, offset_y: 4.0, blur: 8.0, spread: 0.0, color: Color { r: 0.0, g: 0.0, b: 0.0, a: 0.42 } }] | cursor None | passes pointer false
  div | fill - | border - | opacity 1.00 | radius 0.0 | scale - | 63.0x33.0 | shadow [] | cursor None | passes pointer true
    text "Save" color 0.059,0.075,0.125,1.000 size 14.0 | fill - | border - | opacity 1.00 | radius 0.0 | scale - | 31.0x17.0 | shadow [] | cursor None | passes pointer true
== released
div | fill 0.580,0.722,1.000,1.000 | border - | opacity 1.00 | radius 12.0 | scale - | 63.0x33.0 | shadow [Shadow { offset_x: 0.0, offset_y: 1.0, blur: 2.0, spread: 0.0, color: Color { r: 0.0, g: 0.0, b: 0.0, a: 0.28 } }, Shadow { offset_x: 0.0, offset_y: 4.0, blur: 8.0, spread: 0.0, color: Color { r: 0.0, g: 0.0, b: 0.0, a: 0.42 } }] | cursor None | passes pointer false
  div | fill - | border - | opacity 1.00 | radius 0.0 | scale - | 63.0x33.0 | shadow [] | cursor None | passes pointer true
    text "Save" color 0.059,0.075,0.125,1.000 size 14.0 | fill - | border - | opacity 1.00 | radius 0.0 | scale - | 31.0x17.0 | shadow [] | cursor None | passes pointer true
== left
div | fill 0.490,0.659,1.000,1.000 | border - | opacity 1.00 | radius 12.0 | scale - | 63.0x33.0 | shadow [Shadow { offset_x: 0.0, offset_y: 1.0, blur: 2.0, spread: 0.0, color: Color { r: 0.0, g: 0.0, b: 0.0, a: 0.28 } }, Shadow { offset_x: 0.0, offset_y: 4.0, blur: 8.0, spread: 0.0, color: Color { r: 0.0, g: 0.0, b: 0.0, a: 0.42 } }] | cursor None | passes pointer false
  div | fill - | border - | opacity 1.00 | radius 0.0 | scale - | 63.0x33.0 | shadow [] | cursor None | passes pointer true
    text "Save" color 0.059,0.075,0.125,1.000 size 14.0 | fill - | border - | opacity 1.00 | radius 0.0 | scale - | 31.0x17.0 | shadow [] | cursor None | passes pointer true
== hover again
div | fill 0.580,0.722,1.000,1.000 | border - | opacity 1.00 | radius 12.0 | scale - | 63.0x33.0 | shadow [Shadow { offset_x: 0.0, offset_y: 1.0, blur: 2.0, spread: 0.0, color: Color { r: 0.0, g: 0.0, b: 0.0, a: 0.28 } }, Shadow { offset_x: 0.0, offset_y: 4.0, blur: 8.0, spread: 0.0, color: Color { r: 0.0, g: 0.0, b: 0.0, a: 0.42 } }] | cursor None | passes pointer false
  div | fill - | border - | opacity 1.00 | radius 0.0 | scale - | 63.0x33.0 | shadow [] | cursor None | passes pointer true
    text "Save" color 0.059,0.075,0.125,1.000 size 14.0 | fill - | border - | opacity 1.00 | radius 0.0 | scale - | 31.0x17.0 | shadow [] | cursor None | passes pointer true
== pressed again
div | fill 0.675,0.784,1.000,1.000 | border - | opacity 1.00 | radius 12.0 | scale - | 63.0x33.0 | shadow [Shadow { offset_x: 0.0, offset_y: 1.0, blur: 2.0, spread: 0.0, color: Color { r: 0.0, g: 0.0, b: 0.0, a: 0.28 } }, Shadow { offset_x: 0.0, offset_y: 4.0, blur: 8.0, spread: 0.0, color: Color { r: 0.0, g: 0.0, b: 0.0, a: 0.42 } }] | cursor None | passes pointer false
  div | fill - | border - | opacity 1.00 | radius 0.0 | scale - | 63.0x33.0 | shadow [] | cursor None | passes pointer true
    text "Save" color 0.059,0.075,0.125,1.000 size 14.0 | fill - | border - | opacity 1.00 | radius 0.0 | scale - | 31.0x17.0 | shadow [] | cursor None | passes pointer true
== released again
div | fill 0.580,0.722,1.000,1.000 | border - | opacity 1.00 | radius 12.0 | scale - | 63.0x33.0 | shadow [Shadow { offset_x: 0.0, offset_y: 1.0, blur: 2.0, spread: 0.0, color: Color { r: 0.0, g: 0.0, b: 0.0, a: 0.28 } }, Shadow { offset_x: 0.0, offset_y: 4.0, blur: 8.0, spread: 0.0, color: Color { r: 0.0, g: 0.0, b: 0.0, a: 0.42 } }] | cursor None | passes pointer false
  div | fill - | border - | opacity 1.00 | radius 0.0 | scale - | 63.0x33.0 | shadow [] | cursor None | passes pointer true
    text "Save" color 0.059,0.075,0.125,1.000 size 14.0 | fill - | border - | opacity 1.00 | radius 0.0 | scale - | 31.0x17.0 | shadow [] | cursor None | passes pointer true
######## secondary
== idle
div | fill 0.659,0.643,0.722,1.000 | border - | opacity 1.00 | radius 12.0 | scale - | 63.0x33.0 | shadow [Shadow { offset_x: 0.0, offset_y: 1.0, blur: 2.0, spread: 0.0, color: Color { r: 0.0, g: 0.0, b: 0.0, a: 0.28 } }, Shadow { offset_x: 0.0, offset_y: 4.0, blur: 8.0, spread: 0.0, color: Color { r: 0.0, g: 0.0, b: 0.0, a: 0.42 } }] | cursor None | passes pointer false
  div | fill - | border - | opacity 1.00 | radius 0.0 | scale - | 63.0x33.0 | shadow [] | cursor None | passes pointer true
    text "Save" color 0.059,0.075,0.125,1.000 size 14.0 | fill - | border - | opacity 1.00 | radius 0.0 | scale - | 31.0x17.0 | shadow [] | cursor None | passes pointer true
== hover
div | fill 0.749,0.733,0.800,1.000 | border - | opacity 1.00 | radius 12.0 | scale - | 63.0x33.0 | shadow [Shadow { offset_x: 0.0, offset_y: 1.0, blur: 2.0, spread: 0.0, color: Color { r: 0.0, g: 0.0, b: 0.0, a: 0.28 } }, Shadow { offset_x: 0.0, offset_y: 4.0, blur: 8.0, spread: 0.0, color: Color { r: 0.0, g: 0.0, b: 0.0, a: 0.42 } }] | cursor None | passes pointer false
  div | fill - | border - | opacity 1.00 | radius 0.0 | scale - | 63.0x33.0 | shadow [] | cursor None | passes pointer true
    text "Save" color 0.059,0.075,0.125,1.000 size 14.0 | fill - | border - | opacity 1.00 | radius 0.0 | scale - | 31.0x17.0 | shadow [] | cursor None | passes pointer true
== pressed
div | fill 0.839,0.827,0.878,1.000 | border - | opacity 1.00 | radius 12.0 | scale - | 63.0x33.0 | shadow [Shadow { offset_x: 0.0, offset_y: 1.0, blur: 2.0, spread: 0.0, color: Color { r: 0.0, g: 0.0, b: 0.0, a: 0.28 } }, Shadow { offset_x: 0.0, offset_y: 4.0, blur: 8.0, spread: 0.0, color: Color { r: 0.0, g: 0.0, b: 0.0, a: 0.42 } }] | cursor None | passes pointer false
  div | fill - | border - | opacity 1.00 | radius 0.0 | scale - | 63.0x33.0 | shadow [] | cursor None | passes pointer true
    text "Save" color 0.059,0.075,0.125,1.000 size 14.0 | fill - | border - | opacity 1.00 | radius 0.0 | scale - | 31.0x17.0 | shadow [] | cursor None | passes pointer true
== released
div | fill 0.749,0.733,0.800,1.000 | border - | opacity 1.00 | radius 12.0 | scale - | 63.0x33.0 | shadow [Shadow { offset_x: 0.0, offset_y: 1.0, blur: 2.0, spread: 0.0, color: Color { r: 0.0, g: 0.0, b: 0.0, a: 0.28 } }, Shadow { offset_x: 0.0, offset_y: 4.0, blur: 8.0, spread: 0.0, color: Color { r: 0.0, g: 0.0, b: 0.0, a: 0.42 } }] | cursor None | passes pointer false
  div | fill - | border - | opacity 1.00 | radius 0.0 | scale - | 63.0x33.0 | shadow [] | cursor None | passes pointer true
    text "Save" color 0.059,0.075,0.125,1.000 size 14.0 | fill - | border - | opacity 1.00 | radius 0.0 | scale - | 31.0x17.0 | shadow [] | cursor None | passes pointer true
== left
div | fill 0.659,0.643,0.722,1.000 | border - | opacity 1.00 | radius 12.0 | scale - | 63.0x33.0 | shadow [Shadow { offset_x: 0.0, offset_y: 1.0, blur: 2.0, spread: 0.0, color: Color { r: 0.0, g: 0.0, b: 0.0, a: 0.28 } }, Shadow { offset_x: 0.0, offset_y: 4.0, blur: 8.0, spread: 0.0, color: Color { r: 0.0, g: 0.0, b: 0.0, a: 0.42 } }] | cursor None | passes pointer false
  div | fill - | border - | opacity 1.00 | radius 0.0 | scale - | 63.0x33.0 | shadow [] | cursor None | passes pointer true
    text "Save" color 0.059,0.075,0.125,1.000 size 14.0 | fill - | border - | opacity 1.00 | radius 0.0 | scale - | 31.0x17.0 | shadow [] | cursor None | passes pointer true
== hover again
div | fill 0.749,0.733,0.800,1.000 | border - | opacity 1.00 | radius 12.0 | scale - | 63.0x33.0 | shadow [Shadow { offset_x: 0.0, offset_y: 1.0, blur: 2.0, spread: 0.0, color: Color { r: 0.0, g: 0.0, b: 0.0, a: 0.28 } }, Shadow { offset_x: 0.0, offset_y: 4.0, blur: 8.0, spread: 0.0, color: Color { r: 0.0, g: 0.0, b: 0.0, a: 0.42 } }] | cursor None | passes pointer false
  div | fill - | border - | opacity 1.00 | radius 0.0 | scale - | 63.0x33.0 | shadow [] | cursor None | passes pointer true
    text "Save" color 0.059,0.075,0.125,1.000 size 14.0 | fill - | border - | opacity 1.00 | radius 0.0 | scale - | 31.0x17.0 | shadow [] | cursor None | passes pointer true
== pressed again
div | fill 0.839,0.827,0.878,1.000 | border - | opacity 1.00 | radius 12.0 | scale - | 63.0x33.0 | shadow [Shadow { offset_x: 0.0, offset_y: 1.0, blur: 2.0, spread: 0.0, color: Color { r: 0.0, g: 0.0, b: 0.0, a: 0.28 } }, Shadow { offset_x: 0.0, offset_y: 4.0, blur: 8.0, spread: 0.0, color: Color { r: 0.0, g: 0.0, b: 0.0, a: 0.42 } }] | cursor None | passes pointer false
  div | fill - | border - | opacity 1.00 | radius 0.0 | scale - | 63.0x33.0 | shadow [] | cursor None | passes pointer true
    text "Save" color 0.059,0.075,0.125,1.000 size 14.0 | fill - | border - | opacity 1.00 | radius 0.0 | scale - | 31.0x17.0 | shadow [] | cursor None | passes pointer true
== released again
div | fill 0.749,0.733,0.800,1.000 | border - | opacity 1.00 | radius 12.0 | scale - | 63.0x33.0 | shadow [Shadow { offset_x: 0.0, offset_y: 1.0, blur: 2.0, spread: 0.0, color: Color { r: 0.0, g: 0.0, b: 0.0, a: 0.28 } }, Shadow { offset_x: 0.0, offset_y: 4.0, blur: 8.0, spread: 0.0, color: Color { r: 0.0, g: 0.0, b: 0.0, a: 0.42 } }] | cursor None | passes pointer false
  div | fill - | border - | opacity 1.00 | radius 0.0 | scale - | 63.0x33.0 | shadow [] | cursor None | passes pointer true
    text "Save" color 0.059,0.075,0.125,1.000 size 14.0 | fill - | border - | opacity 1.00 | radius 0.0 | scale - | 31.0x17.0 | shadow [] | cursor None | passes pointer true
######## destructive
== idle
div | fill 1.000,0.435,0.373,1.000 | border - | opacity 1.00 | radius 12.0 | scale - | 63.0x33.0 | shadow [Shadow { offset_x: 0.0, offset_y: 1.0, blur: 2.0, spread: 0.0, color: Color { r: 0.0, g: 0.0, b: 0.0, a: 0.28 } }, Shadow { offset_x: 0.0, offset_y: 4.0, blur: 8.0, spread: 0.0, color: Color { r: 0.0, g: 0.0, b: 0.0, a: 0.42 } }] | cursor None | passes pointer false
  div | fill - | border - | opacity 1.00 | radius 0.0 | scale - | 63.0x33.0 | shadow [] | cursor None | passes pointer true
    text "Save" color 0.059,0.075,0.125,1.000 size 14.0 | fill - | border - | opacity 1.00 | radius 0.0 | scale - | 31.0x17.0 | shadow [] | cursor None | passes pointer true
== hover
div | fill 0.900,0.392,0.335,1.000 | border - | opacity 1.00 | radius 12.0 | scale - | 63.0x33.0 | shadow [Shadow { offset_x: 0.0, offset_y: 1.0, blur: 2.0, spread: 0.0, color: Color { r: 0.0, g: 0.0, b: 0.0, a: 0.28 } }, Shadow { offset_x: 0.0, offset_y: 4.0, blur: 8.0, spread: 0.0, color: Color { r: 0.0, g: 0.0, b: 0.0, a: 0.42 } }] | cursor None | passes pointer false
  div | fill - | border - | opacity 1.00 | radius 0.0 | scale - | 63.0x33.0 | shadow [] | cursor None | passes pointer true
    text "Save" color 0.059,0.075,0.125,1.000 size 14.0 | fill - | border - | opacity 1.00 | radius 0.0 | scale - | 31.0x17.0 | shadow [] | cursor None | passes pointer true
== pressed
div | fill 0.850,0.370,0.317,1.000 | border - | opacity 1.00 | radius 12.0 | scale - | 63.0x33.0 | shadow [Shadow { offset_x: 0.0, offset_y: 1.0, blur: 2.0, spread: 0.0, color: Color { r: 0.0, g: 0.0, b: 0.0, a: 0.28 } }, Shadow { offset_x: 0.0, offset_y: 4.0, blur: 8.0, spread: 0.0, color: Color { r: 0.0, g: 0.0, b: 0.0, a: 0.42 } }] | cursor None | passes pointer false
  div | fill - | border - | opacity 1.00 | radius 0.0 | scale - | 63.0x33.0 | shadow [] | cursor None | passes pointer true
    text "Save" color 0.059,0.075,0.125,1.000 size 14.0 | fill - | border - | opacity 1.00 | radius 0.0 | scale - | 31.0x17.0 | shadow [] | cursor None | passes pointer true
== released
div | fill 0.900,0.392,0.335,1.000 | border - | opacity 1.00 | radius 12.0 | scale - | 63.0x33.0 | shadow [Shadow { offset_x: 0.0, offset_y: 1.0, blur: 2.0, spread: 0.0, color: Color { r: 0.0, g: 0.0, b: 0.0, a: 0.28 } }, Shadow { offset_x: 0.0, offset_y: 4.0, blur: 8.0, spread: 0.0, color: Color { r: 0.0, g: 0.0, b: 0.0, a: 0.42 } }] | cursor None | passes pointer false
  div | fill - | border - | opacity 1.00 | radius 0.0 | scale - | 63.0x33.0 | shadow [] | cursor None | passes pointer true
    text "Save" color 0.059,0.075,0.125,1.000 size 14.0 | fill - | border - | opacity 1.00 | radius 0.0 | scale - | 31.0x17.0 | shadow [] | cursor None | passes pointer true
== left
div | fill 1.000,0.435,0.373,1.000 | border - | opacity 1.00 | radius 12.0 | scale - | 63.0x33.0 | shadow [Shadow { offset_x: 0.0, offset_y: 1.0, blur: 2.0, spread: 0.0, color: Color { r: 0.0, g: 0.0, b: 0.0, a: 0.28 } }, Shadow { offset_x: 0.0, offset_y: 4.0, blur: 8.0, spread: 0.0, color: Color { r: 0.0, g: 0.0, b: 0.0, a: 0.42 } }] | cursor None | passes pointer false
  div | fill - | border - | opacity 1.00 | radius 0.0 | scale - | 63.0x33.0 | shadow [] | cursor None | passes pointer true
    text "Save" color 0.059,0.075,0.125,1.000 size 14.0 | fill - | border - | opacity 1.00 | radius 0.0 | scale - | 31.0x17.0 | shadow [] | cursor None | passes pointer true
== hover again
div | fill 0.900,0.392,0.335,1.000 | border - | opacity 1.00 | radius 12.0 | scale - | 63.0x33.0 | shadow [Shadow { offset_x: 0.0, offset_y: 1.0, blur: 2.0, spread: 0.0, color: Color { r: 0.0, g: 0.0, b: 0.0, a: 0.28 } }, Shadow { offset_x: 0.0, offset_y: 4.0, blur: 8.0, spread: 0.0, color: Color { r: 0.0, g: 0.0, b: 0.0, a: 0.42 } }] | cursor None | passes pointer false
  div | fill - | border - | opacity 1.00 | radius 0.0 | scale - | 63.0x33.0 | shadow [] | cursor None | passes pointer true
    text "Save" color 0.059,0.075,0.125,1.000 size 14.0 | fill - | border - | opacity 1.00 | radius 0.0 | scale - | 31.0x17.0 | shadow [] | cursor None | passes pointer true
== pressed again
div | fill 0.850,0.370,0.317,1.000 | border - | opacity 1.00 | radius 12.0 | scale - | 63.0x33.0 | shadow [Shadow { offset_x: 0.0, offset_y: 1.0, blur: 2.0, spread: 0.0, color: Color { r: 0.0, g: 0.0, b: 0.0, a: 0.28 } }, Shadow { offset_x: 0.0, offset_y: 4.0, blur: 8.0, spread: 0.0, color: Color { r: 0.0, g: 0.0, b: 0.0, a: 0.42 } }] | cursor None | passes pointer false
  div | fill - | border - | opacity 1.00 | radius 0.0 | scale - | 63.0x33.0 | shadow [] | cursor None | passes pointer true
    text "Save" color 0.059,0.075,0.125,1.000 size 14.0 | fill - | border - | opacity 1.00 | radius 0.0 | scale - | 31.0x17.0 | shadow [] | cursor None | passes pointer true
== released again
div | fill 0.900,0.392,0.335,1.000 | border - | opacity 1.00 | radius 12.0 | scale - | 63.0x33.0 | shadow [Shadow { offset_x: 0.0, offset_y: 1.0, blur: 2.0, spread: 0.0, color: Color { r: 0.0, g: 0.0, b: 0.0, a: 0.28 } }, Shadow { offset_x: 0.0, offset_y: 4.0, blur: 8.0, spread: 0.0, color: Color { r: 0.0, g: 0.0, b: 0.0, a: 0.42 } }] | cursor None | passes pointer false
  div | fill - | border - | opacity 1.00 | radius 0.0 | scale - | 63.0x33.0 | shadow [] | cursor None | passes pointer true
    text "Save" color 0.059,0.075,0.125,1.000 size 14.0 | fill - | border - | opacity 1.00 | radius 0.0 | scale - | 31.0x17.0 | shadow [] | cursor None | passes pointer true
######## outline
== idle
div | fill - | border 1.000,1.000,1.000,0.100 w1.0 | opacity 1.00 | radius 12.0 | scale - | 63.0x33.0 | shadow [Shadow { offset_x: 0.0, offset_y: 0.0, blur: 1.0, spread: 0.0, color: Color { r: 0.0, g: 0.0, b: 0.0, a: 0.22 } }, Shadow { offset_x: 0.0, offset_y: 1.0, blur: 2.0, spread: 0.0, color: Color { r: 0.0, g: 0.0, b: 0.0, a: 0.35 } }] | cursor None | passes pointer false
  div | fill - | border - | opacity 1.00 | radius 0.0 | scale - | 63.0x33.0 | shadow [] | cursor None | passes pointer true
    text "Save" color 0.925,0.933,0.957,1.000 size 14.0 | fill - | border - | opacity 1.00 | radius 0.0 | scale - | 31.0x17.0 | shadow [] | cursor None | passes pointer true
== hover
div | fill 0.925,0.933,0.957,0.050 | border 1.000,1.000,1.000,0.100 w1.0 | opacity 1.00 | radius 12.0 | scale - | 63.0x33.0 | shadow [Shadow { offset_x: 0.0, offset_y: 0.0, blur: 1.0, spread: 0.0, color: Color { r: 0.0, g: 0.0, b: 0.0, a: 0.22 } }, Shadow { offset_x: 0.0, offset_y: 1.0, blur: 2.0, spread: 0.0, color: Color { r: 0.0, g: 0.0, b: 0.0, a: 0.35 } }] | cursor None | passes pointer false
  div | fill - | border - | opacity 1.00 | radius 0.0 | scale - | 63.0x33.0 | shadow [] | cursor None | passes pointer true
    text "Save" color 0.925,0.933,0.957,1.000 size 14.0 | fill - | border - | opacity 1.00 | radius 0.0 | scale - | 31.0x17.0 | shadow [] | cursor None | passes pointer true
== pressed
div | fill 0.925,0.933,0.957,0.100 | border 1.000,1.000,1.000,0.100 w1.0 | opacity 1.00 | radius 12.0 | scale - | 63.0x33.0 | shadow [Shadow { offset_x: 0.0, offset_y: 0.0, blur: 1.0, spread: 0.0, color: Color { r: 0.0, g: 0.0, b: 0.0, a: 0.22 } }, Shadow { offset_x: 0.0, offset_y: 1.0, blur: 2.0, spread: 0.0, color: Color { r: 0.0, g: 0.0, b: 0.0, a: 0.35 } }] | cursor None | passes pointer false
  div | fill - | border - | opacity 1.00 | radius 0.0 | scale - | 63.0x33.0 | shadow [] | cursor None | passes pointer true
    text "Save" color 0.925,0.933,0.957,1.000 size 14.0 | fill - | border - | opacity 1.00 | radius 0.0 | scale - | 31.0x17.0 | shadow [] | cursor None | passes pointer true
== released
div | fill 0.925,0.933,0.957,0.050 | border 1.000,1.000,1.000,0.100 w1.0 | opacity 1.00 | radius 12.0 | scale - | 63.0x33.0 | shadow [Shadow { offset_x: 0.0, offset_y: 0.0, blur: 1.0, spread: 0.0, color: Color { r: 0.0, g: 0.0, b: 0.0, a: 0.22 } }, Shadow { offset_x: 0.0, offset_y: 1.0, blur: 2.0, spread: 0.0, color: Color { r: 0.0, g: 0.0, b: 0.0, a: 0.35 } }] | cursor None | passes pointer false
  div | fill - | border - | opacity 1.00 | radius 0.0 | scale - | 63.0x33.0 | shadow [] | cursor None | passes pointer true
    text "Save" color 0.925,0.933,0.957,1.000 size 14.0 | fill - | border - | opacity 1.00 | radius 0.0 | scale - | 31.0x17.0 | shadow [] | cursor None | passes pointer true
== left
div | fill - | border 1.000,1.000,1.000,0.100 w1.0 | opacity 1.00 | radius 12.0 | scale - | 63.0x33.0 | shadow [Shadow { offset_x: 0.0, offset_y: 0.0, blur: 1.0, spread: 0.0, color: Color { r: 0.0, g: 0.0, b: 0.0, a: 0.22 } }, Shadow { offset_x: 0.0, offset_y: 1.0, blur: 2.0, spread: 0.0, color: Color { r: 0.0, g: 0.0, b: 0.0, a: 0.35 } }] | cursor None | passes pointer false
  div | fill - | border - | opacity 1.00 | radius 0.0 | scale - | 63.0x33.0 | shadow [] | cursor None | passes pointer true
    text "Save" color 0.925,0.933,0.957,1.000 size 14.0 | fill - | border - | opacity 1.00 | radius 0.0 | scale - | 31.0x17.0 | shadow [] | cursor None | passes pointer true
== hover again
div | fill 0.925,0.933,0.957,0.050 | border 1.000,1.000,1.000,0.100 w1.0 | opacity 1.00 | radius 12.0 | scale - | 63.0x33.0 | shadow [Shadow { offset_x: 0.0, offset_y: 0.0, blur: 1.0, spread: 0.0, color: Color { r: 0.0, g: 0.0, b: 0.0, a: 0.22 } }, Shadow { offset_x: 0.0, offset_y: 1.0, blur: 2.0, spread: 0.0, color: Color { r: 0.0, g: 0.0, b: 0.0, a: 0.35 } }] | cursor None | passes pointer false
  div | fill - | border - | opacity 1.00 | radius 0.0 | scale - | 63.0x33.0 | shadow [] | cursor None | passes pointer true
    text "Save" color 0.925,0.933,0.957,1.000 size 14.0 | fill - | border - | opacity 1.00 | radius 0.0 | scale - | 31.0x17.0 | shadow [] | cursor None | passes pointer true
== pressed again
div | fill 0.925,0.933,0.957,0.100 | border 1.000,1.000,1.000,0.100 w1.0 | opacity 1.00 | radius 12.0 | scale - | 63.0x33.0 | shadow [Shadow { offset_x: 0.0, offset_y: 0.0, blur: 1.0, spread: 0.0, color: Color { r: 0.0, g: 0.0, b: 0.0, a: 0.22 } }, Shadow { offset_x: 0.0, offset_y: 1.0, blur: 2.0, spread: 0.0, color: Color { r: 0.0, g: 0.0, b: 0.0, a: 0.35 } }] | cursor None | passes pointer false
  div | fill - | border - | opacity 1.00 | radius 0.0 | scale - | 63.0x33.0 | shadow [] | cursor None | passes pointer true
    text "Save" color 0.925,0.933,0.957,1.000 size 14.0 | fill - | border - | opacity 1.00 | radius 0.0 | scale - | 31.0x17.0 | shadow [] | cursor None | passes pointer true
== released again
div | fill 0.925,0.933,0.957,0.050 | border 1.000,1.000,1.000,0.100 w1.0 | opacity 1.00 | radius 12.0 | scale - | 63.0x33.0 | shadow [Shadow { offset_x: 0.0, offset_y: 0.0, blur: 1.0, spread: 0.0, color: Color { r: 0.0, g: 0.0, b: 0.0, a: 0.22 } }, Shadow { offset_x: 0.0, offset_y: 1.0, blur: 2.0, spread: 0.0, color: Color { r: 0.0, g: 0.0, b: 0.0, a: 0.35 } }] | cursor None | passes pointer false
  div | fill - | border - | opacity 1.00 | radius 0.0 | scale - | 63.0x33.0 | shadow [] | cursor None | passes pointer true
    text "Save" color 0.925,0.933,0.957,1.000 size 14.0 | fill - | border - | opacity 1.00 | radius 0.0 | scale - | 31.0x17.0 | shadow [] | cursor None | passes pointer true
######## ghost
== idle
div | fill - | border - | opacity 1.00 | radius 12.0 | scale - | 63.0x33.0 | shadow [] | cursor None | passes pointer false
  div | fill - | border - | opacity 1.00 | radius 0.0 | scale - | 63.0x33.0 | shadow [] | cursor None | passes pointer true
    text "Save" color 0.925,0.933,0.957,1.000 size 14.0 | fill - | border - | opacity 1.00 | radius 0.0 | scale - | 31.0x17.0 | shadow [] | cursor None | passes pointer true
== hover
div | fill 0.925,0.933,0.957,0.050 | border - | opacity 1.00 | radius 12.0 | scale - | 63.0x33.0 | shadow [] | cursor None | passes pointer false
  div | fill - | border - | opacity 1.00 | radius 0.0 | scale - | 63.0x33.0 | shadow [] | cursor None | passes pointer true
    text "Save" color 0.925,0.933,0.957,1.000 size 14.0 | fill - | border - | opacity 1.00 | radius 0.0 | scale - | 31.0x17.0 | shadow [] | cursor None | passes pointer true
== pressed
div | fill 0.925,0.933,0.957,0.100 | border - | opacity 1.00 | radius 12.0 | scale - | 63.0x33.0 | shadow [] | cursor None | passes pointer false
  div | fill - | border - | opacity 1.00 | radius 0.0 | scale - | 63.0x33.0 | shadow [] | cursor None | passes pointer true
    text "Save" color 0.925,0.933,0.957,1.000 size 14.0 | fill - | border - | opacity 1.00 | radius 0.0 | scale - | 31.0x17.0 | shadow [] | cursor None | passes pointer true
== released
div | fill 0.925,0.933,0.957,0.050 | border - | opacity 1.00 | radius 12.0 | scale - | 63.0x33.0 | shadow [] | cursor None | passes pointer false
  div | fill - | border - | opacity 1.00 | radius 0.0 | scale - | 63.0x33.0 | shadow [] | cursor None | passes pointer true
    text "Save" color 0.925,0.933,0.957,1.000 size 14.0 | fill - | border - | opacity 1.00 | radius 0.0 | scale - | 31.0x17.0 | shadow [] | cursor None | passes pointer true
== left
div | fill - | border - | opacity 1.00 | radius 12.0 | scale - | 63.0x33.0 | shadow [] | cursor None | passes pointer false
  div | fill - | border - | opacity 1.00 | radius 0.0 | scale - | 63.0x33.0 | shadow [] | cursor None | passes pointer true
    text "Save" color 0.925,0.933,0.957,1.000 size 14.0 | fill - | border - | opacity 1.00 | radius 0.0 | scale - | 31.0x17.0 | shadow [] | cursor None | passes pointer true
== hover again
div | fill 0.925,0.933,0.957,0.050 | border - | opacity 1.00 | radius 12.0 | scale - | 63.0x33.0 | shadow [] | cursor None | passes pointer false
  div | fill - | border - | opacity 1.00 | radius 0.0 | scale - | 63.0x33.0 | shadow [] | cursor None | passes pointer true
    text "Save" color 0.925,0.933,0.957,1.000 size 14.0 | fill - | border - | opacity 1.00 | radius 0.0 | scale - | 31.0x17.0 | shadow [] | cursor None | passes pointer true
== pressed again
div | fill 0.925,0.933,0.957,0.100 | border - | opacity 1.00 | radius 12.0 | scale - | 63.0x33.0 | shadow [] | cursor None | passes pointer false
  div | fill - | border - | opacity 1.00 | radius 0.0 | scale - | 63.0x33.0 | shadow [] | cursor None | passes pointer true
    text "Save" color 0.925,0.933,0.957,1.000 size 14.0 | fill - | border - | opacity 1.00 | radius 0.0 | scale - | 31.0x17.0 | shadow [] | cursor None | passes pointer true
== released again
div | fill 0.925,0.933,0.957,0.050 | border - | opacity 1.00 | radius 12.0 | scale - | 63.0x33.0 | shadow [] | cursor None | passes pointer false
  div | fill - | border - | opacity 1.00 | radius 0.0 | scale - | 63.0x33.0 | shadow [] | cursor None | passes pointer true
    text "Save" color 0.925,0.933,0.957,1.000 size 14.0 | fill - | border - | opacity 1.00 | radius 0.0 | scale - | 31.0x17.0 | shadow [] | cursor None | passes pointer true
######## link
== idle
div | fill - | border - | opacity 1.00 | radius 12.0 | scale - | 63.0x33.0 | shadow [] | cursor None | passes pointer false
  div | fill - | border - | opacity 1.00 | radius 0.0 | scale - | 63.0x33.0 | shadow [] | cursor None | passes pointer true
    text "Save" color 0.490,0.659,1.000,1.000 size 14.0 | fill - | border - | opacity 1.00 | radius 0.0 | scale - | 31.0x17.0 | shadow [] | cursor None | passes pointer true
== hover
div | fill - | border - | opacity 1.00 | radius 12.0 | scale - | 63.0x33.0 | shadow [] | cursor None | passes pointer false
  div | fill - | border - | opacity 1.00 | radius 0.0 | scale - | 63.0x33.0 | shadow [] | cursor None | passes pointer true
    text "Save" color 0.490,0.659,1.000,1.000 size 14.0 | fill - | border - | opacity 1.00 | radius 0.0 | scale - | 31.0x17.0 | shadow [] | cursor None | passes pointer true
== pressed
div | fill - | border - | opacity 1.00 | radius 12.0 | scale - | 63.0x33.0 | shadow [] | cursor None | passes pointer false
  div | fill - | border - | opacity 1.00 | radius 0.0 | scale - | 63.0x33.0 | shadow [] | cursor None | passes pointer true
    text "Save" color 0.490,0.659,1.000,1.000 size 14.0 | fill - | border - | opacity 1.00 | radius 0.0 | scale - | 31.0x17.0 | shadow [] | cursor None | passes pointer true
== released
div | fill - | border - | opacity 1.00 | radius 12.0 | scale - | 63.0x33.0 | shadow [] | cursor None | passes pointer false
  div | fill - | border - | opacity 1.00 | radius 0.0 | scale - | 63.0x33.0 | shadow [] | cursor None | passes pointer true
    text "Save" color 0.490,0.659,1.000,1.000 size 14.0 | fill - | border - | opacity 1.00 | radius 0.0 | scale - | 31.0x17.0 | shadow [] | cursor None | passes pointer true
== left
div | fill - | border - | opacity 1.00 | radius 12.0 | scale - | 63.0x33.0 | shadow [] | cursor None | passes pointer false
  div | fill - | border - | opacity 1.00 | radius 0.0 | scale - | 63.0x33.0 | shadow [] | cursor None | passes pointer true
    text "Save" color 0.490,0.659,1.000,1.000 size 14.0 | fill - | border - | opacity 1.00 | radius 0.0 | scale - | 31.0x17.0 | shadow [] | cursor None | passes pointer true
== hover again
div | fill - | border - | opacity 1.00 | radius 12.0 | scale - | 63.0x33.0 | shadow [] | cursor None | passes pointer false
  div | fill - | border - | opacity 1.00 | radius 0.0 | scale - | 63.0x33.0 | shadow [] | cursor None | passes pointer true
    text "Save" color 0.490,0.659,1.000,1.000 size 14.0 | fill - | border - | opacity 1.00 | radius 0.0 | scale - | 31.0x17.0 | shadow [] | cursor None | passes pointer true
== pressed again
div | fill - | border - | opacity 1.00 | radius 12.0 | scale - | 63.0x33.0 | shadow [] | cursor None | passes pointer false
  div | fill - | border - | opacity 1.00 | radius 0.0 | scale - | 63.0x33.0 | shadow [] | cursor None | passes pointer true
    text "Save" color 0.490,0.659,1.000,1.000 size 14.0 | fill - | border - | opacity 1.00 | radius 0.0 | scale - | 31.0x17.0 | shadow [] | cursor None | passes pointer true
== released again
div | fill - | border - | opacity 1.00 | radius 12.0 | scale - | 63.0x33.0 | shadow [] | cursor None | passes pointer false
  div | fill - | border - | opacity 1.00 | radius 0.0 | scale - | 63.0x33.0 | shadow [] | cursor None | passes pointer true
    text "Save" color 0.490,0.659,1.000,1.000 size 14.0 | fill - | border - | opacity 1.00 | radius 0.0 | scale - | 31.0x17.0 | shadow [] | cursor None | passes pointer true
######## small
== idle
div | fill 0.490,0.659,1.000,1.000 | border - | opacity 1.00 | radius 4.0 | scale - | 53.0x24.0 | shadow [Shadow { offset_x: 0.0, offset_y: 1.0, blur: 2.0, spread: 0.0, color: Color { r: 0.0, g: 0.0, b: 0.0, a: 0.28 } }, Shadow { offset_x: 0.0, offset_y: 4.0, blur: 8.0, spread: 0.0, color: Color { r: 0.0, g: 0.0, b: 0.0, a: 0.42 } }] | cursor None | passes pointer false
  div | fill - | border - | opacity 1.00 | radius 0.0 | scale - | 53.0x24.0 | shadow [] | cursor None | passes pointer true
    text "Save" color 0.059,0.075,0.125,1.000 size 13.0 | fill - | border - | opacity 1.00 | radius 0.0 | scale - | 29.0x16.0 | shadow [] | cursor None | passes pointer true
== hover
div | fill 0.580,0.722,1.000,1.000 | border - | opacity 1.00 | radius 4.0 | scale - | 53.0x24.0 | shadow [Shadow { offset_x: 0.0, offset_y: 1.0, blur: 2.0, spread: 0.0, color: Color { r: 0.0, g: 0.0, b: 0.0, a: 0.28 } }, Shadow { offset_x: 0.0, offset_y: 4.0, blur: 8.0, spread: 0.0, color: Color { r: 0.0, g: 0.0, b: 0.0, a: 0.42 } }] | cursor None | passes pointer false
  div | fill - | border - | opacity 1.00 | radius 0.0 | scale - | 53.0x24.0 | shadow [] | cursor None | passes pointer true
    text "Save" color 0.059,0.075,0.125,1.000 size 13.0 | fill - | border - | opacity 1.00 | radius 0.0 | scale - | 29.0x16.0 | shadow [] | cursor None | passes pointer true
== pressed
div | fill 0.675,0.784,1.000,1.000 | border - | opacity 1.00 | radius 4.0 | scale - | 53.0x24.0 | shadow [Shadow { offset_x: 0.0, offset_y: 1.0, blur: 2.0, spread: 0.0, color: Color { r: 0.0, g: 0.0, b: 0.0, a: 0.28 } }, Shadow { offset_x: 0.0, offset_y: 4.0, blur: 8.0, spread: 0.0, color: Color { r: 0.0, g: 0.0, b: 0.0, a: 0.42 } }] | cursor None | passes pointer false
  div | fill - | border - | opacity 1.00 | radius 0.0 | scale - | 53.0x24.0 | shadow [] | cursor None | passes pointer true
    text "Save" color 0.059,0.075,0.125,1.000 size 13.0 | fill - | border - | opacity 1.00 | radius 0.0 | scale - | 29.0x16.0 | shadow [] | cursor None | passes pointer true
== released
div | fill 0.580,0.722,1.000,1.000 | border - | opacity 1.00 | radius 4.0 | scale - | 53.0x24.0 | shadow [Shadow { offset_x: 0.0, offset_y: 1.0, blur: 2.0, spread: 0.0, color: Color { r: 0.0, g: 0.0, b: 0.0, a: 0.28 } }, Shadow { offset_x: 0.0, offset_y: 4.0, blur: 8.0, spread: 0.0, color: Color { r: 0.0, g: 0.0, b: 0.0, a: 0.42 } }] | cursor None | passes pointer false
  div | fill - | border - | opacity 1.00 | radius 0.0 | scale - | 53.0x24.0 | shadow [] | cursor None | passes pointer true
    text "Save" color 0.059,0.075,0.125,1.000 size 13.0 | fill - | border - | opacity 1.00 | radius 0.0 | scale - | 29.0x16.0 | shadow [] | cursor None | passes pointer true
== left
div | fill 0.490,0.659,1.000,1.000 | border - | opacity 1.00 | radius 4.0 | scale - | 53.0x24.0 | shadow [Shadow { offset_x: 0.0, offset_y: 1.0, blur: 2.0, spread: 0.0, color: Color { r: 0.0, g: 0.0, b: 0.0, a: 0.28 } }, Shadow { offset_x: 0.0, offset_y: 4.0, blur: 8.0, spread: 0.0, color: Color { r: 0.0, g: 0.0, b: 0.0, a: 0.42 } }] | cursor None | passes pointer false
  div | fill - | border - | opacity 1.00 | radius 0.0 | scale - | 53.0x24.0 | shadow [] | cursor None | passes pointer true
    text "Save" color 0.059,0.075,0.125,1.000 size 13.0 | fill - | border - | opacity 1.00 | radius 0.0 | scale - | 29.0x16.0 | shadow [] | cursor None | passes pointer true
== hover again
div | fill 0.580,0.722,1.000,1.000 | border - | opacity 1.00 | radius 4.0 | scale - | 53.0x24.0 | shadow [Shadow { offset_x: 0.0, offset_y: 1.0, blur: 2.0, spread: 0.0, color: Color { r: 0.0, g: 0.0, b: 0.0, a: 0.28 } }, Shadow { offset_x: 0.0, offset_y: 4.0, blur: 8.0, spread: 0.0, color: Color { r: 0.0, g: 0.0, b: 0.0, a: 0.42 } }] | cursor None | passes pointer false
  div | fill - | border - | opacity 1.00 | radius 0.0 | scale - | 53.0x24.0 | shadow [] | cursor None | passes pointer true
    text "Save" color 0.059,0.075,0.125,1.000 size 13.0 | fill - | border - | opacity 1.00 | radius 0.0 | scale - | 29.0x16.0 | shadow [] | cursor None | passes pointer true
== pressed again
div | fill 0.675,0.784,1.000,1.000 | border - | opacity 1.00 | radius 4.0 | scale - | 53.0x24.0 | shadow [Shadow { offset_x: 0.0, offset_y: 1.0, blur: 2.0, spread: 0.0, color: Color { r: 0.0, g: 0.0, b: 0.0, a: 0.28 } }, Shadow { offset_x: 0.0, offset_y: 4.0, blur: 8.0, spread: 0.0, color: Color { r: 0.0, g: 0.0, b: 0.0, a: 0.42 } }] | cursor None | passes pointer false
  div | fill - | border - | opacity 1.00 | radius 0.0 | scale - | 53.0x24.0 | shadow [] | cursor None | passes pointer true
    text "Save" color 0.059,0.075,0.125,1.000 size 13.0 | fill - | border - | opacity 1.00 | radius 0.0 | scale - | 29.0x16.0 | shadow [] | cursor None | passes pointer true
== released again
div | fill 0.580,0.722,1.000,1.000 | border - | opacity 1.00 | radius 4.0 | scale - | 53.0x24.0 | shadow [Shadow { offset_x: 0.0, offset_y: 1.0, blur: 2.0, spread: 0.0, color: Color { r: 0.0, g: 0.0, b: 0.0, a: 0.28 } }, Shadow { offset_x: 0.0, offset_y: 4.0, blur: 8.0, spread: 0.0, color: Color { r: 0.0, g: 0.0, b: 0.0, a: 0.42 } }] | cursor None | passes pointer false
  div | fill - | border - | opacity 1.00 | radius 0.0 | scale - | 53.0x24.0 | shadow [] | cursor None | passes pointer true
    text "Save" color 0.059,0.075,0.125,1.000 size 13.0 | fill - | border - | opacity 1.00 | radius 0.0 | scale - | 29.0x16.0 | shadow [] | cursor None | passes pointer true
######## large with an icon after the label
== idle
div | fill 0.490,0.659,1.000,1.000 | border - | opacity 1.00 | radius 14.0 | scale - | 107.0x43.0 | shadow [Shadow { offset_x: 0.0, offset_y: 1.0, blur: 2.0, spread: 0.0, color: Color { r: 0.0, g: 0.0, b: 0.0, a: 0.28 } }, Shadow { offset_x: 0.0, offset_y: 4.0, blur: 8.0, spread: 0.0, color: Color { r: 0.0, g: 0.0, b: 0.0, a: 0.42 } }] | cursor None | passes pointer false
  div | fill - | border - | opacity 1.00 | radius 0.0 | scale - | 107.0x43.0 | shadow [] | cursor None | passes pointer true
    text "Save" color 0.059,0.075,0.125,1.000 size 16.0 | fill - | border - | opacity 1.00 | radius 0.0 | scale - | 35.0x19.0 | shadow [] | cursor None | passes pointer true
    svg tint 0.059,0.075,0.125,1.000 | fill - | border - | opacity 1.00 | radius 0.0 | scale - | 18.0x18.0 | shadow [] | cursor None | passes pointer false
== hover
div | fill 0.580,0.722,1.000,1.000 | border - | opacity 1.00 | radius 14.0 | scale - | 107.0x43.0 | shadow [Shadow { offset_x: 0.0, offset_y: 1.0, blur: 2.0, spread: 0.0, color: Color { r: 0.0, g: 0.0, b: 0.0, a: 0.28 } }, Shadow { offset_x: 0.0, offset_y: 4.0, blur: 8.0, spread: 0.0, color: Color { r: 0.0, g: 0.0, b: 0.0, a: 0.42 } }] | cursor None | passes pointer false
  div | fill - | border - | opacity 1.00 | radius 0.0 | scale - | 107.0x43.0 | shadow [] | cursor None | passes pointer true
    text "Save" color 0.059,0.075,0.125,1.000 size 16.0 | fill - | border - | opacity 1.00 | radius 0.0 | scale - | 35.0x19.0 | shadow [] | cursor None | passes pointer true
    svg tint 0.059,0.075,0.125,1.000 | fill - | border - | opacity 1.00 | radius 0.0 | scale - | 18.0x18.0 | shadow [] | cursor None | passes pointer false
== pressed
div | fill 0.675,0.784,1.000,1.000 | border - | opacity 1.00 | radius 14.0 | scale - | 107.0x43.0 | shadow [Shadow { offset_x: 0.0, offset_y: 1.0, blur: 2.0, spread: 0.0, color: Color { r: 0.0, g: 0.0, b: 0.0, a: 0.28 } }, Shadow { offset_x: 0.0, offset_y: 4.0, blur: 8.0, spread: 0.0, color: Color { r: 0.0, g: 0.0, b: 0.0, a: 0.42 } }] | cursor None | passes pointer false
  div | fill - | border - | opacity 1.00 | radius 0.0 | scale - | 107.0x43.0 | shadow [] | cursor None | passes pointer true
    text "Save" color 0.059,0.075,0.125,1.000 size 16.0 | fill - | border - | opacity 1.00 | radius 0.0 | scale - | 35.0x19.0 | shadow [] | cursor None | passes pointer true
    svg tint 0.059,0.075,0.125,1.000 | fill - | border - | opacity 1.00 | radius 0.0 | scale - | 18.0x18.0 | shadow [] | cursor None | passes pointer false
== released
div | fill 0.580,0.722,1.000,1.000 | border - | opacity 1.00 | radius 14.0 | scale - | 107.0x43.0 | shadow [Shadow { offset_x: 0.0, offset_y: 1.0, blur: 2.0, spread: 0.0, color: Color { r: 0.0, g: 0.0, b: 0.0, a: 0.28 } }, Shadow { offset_x: 0.0, offset_y: 4.0, blur: 8.0, spread: 0.0, color: Color { r: 0.0, g: 0.0, b: 0.0, a: 0.42 } }] | cursor None | passes pointer false
  div | fill - | border - | opacity 1.00 | radius 0.0 | scale - | 107.0x43.0 | shadow [] | cursor None | passes pointer true
    text "Save" color 0.059,0.075,0.125,1.000 size 16.0 | fill - | border - | opacity 1.00 | radius 0.0 | scale - | 35.0x19.0 | shadow [] | cursor None | passes pointer true
    svg tint 0.059,0.075,0.125,1.000 | fill - | border - | opacity 1.00 | radius 0.0 | scale - | 18.0x18.0 | shadow [] | cursor None | passes pointer false
== left
div | fill 0.490,0.659,1.000,1.000 | border - | opacity 1.00 | radius 14.0 | scale - | 107.0x43.0 | shadow [Shadow { offset_x: 0.0, offset_y: 1.0, blur: 2.0, spread: 0.0, color: Color { r: 0.0, g: 0.0, b: 0.0, a: 0.28 } }, Shadow { offset_x: 0.0, offset_y: 4.0, blur: 8.0, spread: 0.0, color: Color { r: 0.0, g: 0.0, b: 0.0, a: 0.42 } }] | cursor None | passes pointer false
  div | fill - | border - | opacity 1.00 | radius 0.0 | scale - | 107.0x43.0 | shadow [] | cursor None | passes pointer true
    text "Save" color 0.059,0.075,0.125,1.000 size 16.0 | fill - | border - | opacity 1.00 | radius 0.0 | scale - | 35.0x19.0 | shadow [] | cursor None | passes pointer true
    svg tint 0.059,0.075,0.125,1.000 | fill - | border - | opacity 1.00 | radius 0.0 | scale - | 18.0x18.0 | shadow [] | cursor None | passes pointer false
== hover again
div | fill 0.580,0.722,1.000,1.000 | border - | opacity 1.00 | radius 14.0 | scale - | 107.0x43.0 | shadow [Shadow { offset_x: 0.0, offset_y: 1.0, blur: 2.0, spread: 0.0, color: Color { r: 0.0, g: 0.0, b: 0.0, a: 0.28 } }, Shadow { offset_x: 0.0, offset_y: 4.0, blur: 8.0, spread: 0.0, color: Color { r: 0.0, g: 0.0, b: 0.0, a: 0.42 } }] | cursor None | passes pointer false
  div | fill - | border - | opacity 1.00 | radius 0.0 | scale - | 107.0x43.0 | shadow [] | cursor None | passes pointer true
    text "Save" color 0.059,0.075,0.125,1.000 size 16.0 | fill - | border - | opacity 1.00 | radius 0.0 | scale - | 35.0x19.0 | shadow [] | cursor None | passes pointer true
    svg tint 0.059,0.075,0.125,1.000 | fill - | border - | opacity 1.00 | radius 0.0 | scale - | 18.0x18.0 | shadow [] | cursor None | passes pointer false
== pressed again
div | fill 0.675,0.784,1.000,1.000 | border - | opacity 1.00 | radius 14.0 | scale - | 107.0x43.0 | shadow [Shadow { offset_x: 0.0, offset_y: 1.0, blur: 2.0, spread: 0.0, color: Color { r: 0.0, g: 0.0, b: 0.0, a: 0.28 } }, Shadow { offset_x: 0.0, offset_y: 4.0, blur: 8.0, spread: 0.0, color: Color { r: 0.0, g: 0.0, b: 0.0, a: 0.42 } }] | cursor None | passes pointer false
  div | fill - | border - | opacity 1.00 | radius 0.0 | scale - | 107.0x43.0 | shadow [] | cursor None | passes pointer true
    text "Save" color 0.059,0.075,0.125,1.000 size 16.0 | fill - | border - | opacity 1.00 | radius 0.0 | scale - | 35.0x19.0 | shadow [] | cursor None | passes pointer true
    svg tint 0.059,0.075,0.125,1.000 | fill - | border - | opacity 1.00 | radius 0.0 | scale - | 18.0x18.0 | shadow [] | cursor None | passes pointer false
== released again
div | fill 0.580,0.722,1.000,1.000 | border - | opacity 1.00 | radius 14.0 | scale - | 107.0x43.0 | shadow [Shadow { offset_x: 0.0, offset_y: 1.0, blur: 2.0, spread: 0.0, color: Color { r: 0.0, g: 0.0, b: 0.0, a: 0.28 } }, Shadow { offset_x: 0.0, offset_y: 4.0, blur: 8.0, spread: 0.0, color: Color { r: 0.0, g: 0.0, b: 0.0, a: 0.42 } }] | cursor None | passes pointer false
  div | fill - | border - | opacity 1.00 | radius 0.0 | scale - | 107.0x43.0 | shadow [] | cursor None | passes pointer true
    text "Save" color 0.059,0.075,0.125,1.000 size 16.0 | fill - | border - | opacity 1.00 | radius 0.0 | scale - | 35.0x19.0 | shadow [] | cursor None | passes pointer true
    svg tint 0.059,0.075,0.125,1.000 | fill - | border - | opacity 1.00 | radius 0.0 | scale - | 18.0x18.0 | shadow [] | cursor None | passes pointer false
######## icon only
== idle
div | fill 0.490,0.659,1.000,1.000 | border - | opacity 1.00 | radius 12.0 | scale - | 32.0x32.0 | shadow [Shadow { offset_x: 0.0, offset_y: 1.0, blur: 2.0, spread: 0.0, color: Color { r: 0.0, g: 0.0, b: 0.0, a: 0.28 } }, Shadow { offset_x: 0.0, offset_y: 4.0, blur: 8.0, spread: 0.0, color: Color { r: 0.0, g: 0.0, b: 0.0, a: 0.42 } }] | cursor None | passes pointer false
  svg tint 0.059,0.075,0.125,1.000 | fill - | border - | opacity 1.00 | radius 0.0 | scale - | 16.0x16.0 | shadow [] | cursor None | passes pointer false
== hover
div | fill 0.580,0.722,1.000,1.000 | border - | opacity 1.00 | radius 12.0 | scale - | 32.0x32.0 | shadow [Shadow { offset_x: 0.0, offset_y: 1.0, blur: 2.0, spread: 0.0, color: Color { r: 0.0, g: 0.0, b: 0.0, a: 0.28 } }, Shadow { offset_x: 0.0, offset_y: 4.0, blur: 8.0, spread: 0.0, color: Color { r: 0.0, g: 0.0, b: 0.0, a: 0.42 } }] | cursor None | passes pointer false
  svg tint 0.059,0.075,0.125,1.000 | fill - | border - | opacity 1.00 | radius 0.0 | scale - | 16.0x16.0 | shadow [] | cursor None | passes pointer false
== pressed
div | fill 0.675,0.784,1.000,1.000 | border - | opacity 1.00 | radius 12.0 | scale - | 32.0x32.0 | shadow [Shadow { offset_x: 0.0, offset_y: 1.0, blur: 2.0, spread: 0.0, color: Color { r: 0.0, g: 0.0, b: 0.0, a: 0.28 } }, Shadow { offset_x: 0.0, offset_y: 4.0, blur: 8.0, spread: 0.0, color: Color { r: 0.0, g: 0.0, b: 0.0, a: 0.42 } }] | cursor None | passes pointer false
  svg tint 0.059,0.075,0.125,1.000 | fill - | border - | opacity 1.00 | radius 0.0 | scale - | 16.0x16.0 | shadow [] | cursor None | passes pointer false
== released
div | fill 0.580,0.722,1.000,1.000 | border - | opacity 1.00 | radius 12.0 | scale - | 32.0x32.0 | shadow [Shadow { offset_x: 0.0, offset_y: 1.0, blur: 2.0, spread: 0.0, color: Color { r: 0.0, g: 0.0, b: 0.0, a: 0.28 } }, Shadow { offset_x: 0.0, offset_y: 4.0, blur: 8.0, spread: 0.0, color: Color { r: 0.0, g: 0.0, b: 0.0, a: 0.42 } }] | cursor None | passes pointer false
  svg tint 0.059,0.075,0.125,1.000 | fill - | border - | opacity 1.00 | radius 0.0 | scale - | 16.0x16.0 | shadow [] | cursor None | passes pointer false
== left
div | fill 0.490,0.659,1.000,1.000 | border - | opacity 1.00 | radius 12.0 | scale - | 32.0x32.0 | shadow [Shadow { offset_x: 0.0, offset_y: 1.0, blur: 2.0, spread: 0.0, color: Color { r: 0.0, g: 0.0, b: 0.0, a: 0.28 } }, Shadow { offset_x: 0.0, offset_y: 4.0, blur: 8.0, spread: 0.0, color: Color { r: 0.0, g: 0.0, b: 0.0, a: 0.42 } }] | cursor None | passes pointer false
  svg tint 0.059,0.075,0.125,1.000 | fill - | border - | opacity 1.00 | radius 0.0 | scale - | 16.0x16.0 | shadow [] | cursor None | passes pointer false
== hover again
div | fill 0.580,0.722,1.000,1.000 | border - | opacity 1.00 | radius 12.0 | scale - | 32.0x32.0 | shadow [Shadow { offset_x: 0.0, offset_y: 1.0, blur: 2.0, spread: 0.0, color: Color { r: 0.0, g: 0.0, b: 0.0, a: 0.28 } }, Shadow { offset_x: 0.0, offset_y: 4.0, blur: 8.0, spread: 0.0, color: Color { r: 0.0, g: 0.0, b: 0.0, a: 0.42 } }] | cursor None | passes pointer false
  svg tint 0.059,0.075,0.125,1.000 | fill - | border - | opacity 1.00 | radius 0.0 | scale - | 16.0x16.0 | shadow [] | cursor None | passes pointer false
== pressed again
div | fill 0.675,0.784,1.000,1.000 | border - | opacity 1.00 | radius 12.0 | scale - | 32.0x32.0 | shadow [Shadow { offset_x: 0.0, offset_y: 1.0, blur: 2.0, spread: 0.0, color: Color { r: 0.0, g: 0.0, b: 0.0, a: 0.28 } }, Shadow { offset_x: 0.0, offset_y: 4.0, blur: 8.0, spread: 0.0, color: Color { r: 0.0, g: 0.0, b: 0.0, a: 0.42 } }] | cursor None | passes pointer false
  svg tint 0.059,0.075,0.125,1.000 | fill - | border - | opacity 1.00 | radius 0.0 | scale - | 16.0x16.0 | shadow [] | cursor None | passes pointer false
== released again
div | fill 0.580,0.722,1.000,1.000 | border - | opacity 1.00 | radius 12.0 | scale - | 32.0x32.0 | shadow [Shadow { offset_x: 0.0, offset_y: 1.0, blur: 2.0, spread: 0.0, color: Color { r: 0.0, g: 0.0, b: 0.0, a: 0.28 } }, Shadow { offset_x: 0.0, offset_y: 4.0, blur: 8.0, spread: 0.0, color: Color { r: 0.0, g: 0.0, b: 0.0, a: 0.42 } }] | cursor None | passes pointer false
  svg tint 0.059,0.075,0.125,1.000 | fill - | border - | opacity 1.00 | radius 0.0 | scale - | 16.0x16.0 | shadow [] | cursor None | passes pointer false
######## custom size
== idle
div | fill 0.490,0.659,1.000,1.000 | border - | opacity 1.00 | radius 12.0 | scale - | 120.0x48.0 | shadow [Shadow { offset_x: 0.0, offset_y: 1.0, blur: 2.0, spread: 0.0, color: Color { r: 0.0, g: 0.0, b: 0.0, a: 0.28 } }, Shadow { offset_x: 0.0, offset_y: 4.0, blur: 8.0, spread: 0.0, color: Color { r: 0.0, g: 0.0, b: 0.0, a: 0.42 } }] | cursor None | passes pointer false
  div | fill - | border - | opacity 1.00 | radius 0.0 | scale - | 62.0x32.0 | shadow [] | cursor None | passes pointer true
    text "Save" color 0.059,0.075,0.125,1.000 size 14.0 | fill - | border - | opacity 1.00 | radius 0.0 | scale - | 30.0x16.0 | shadow [] | cursor None | passes pointer true
== hover
div | fill 0.580,0.722,1.000,1.000 | border - | opacity 1.00 | radius 12.0 | scale - | 120.0x48.0 | shadow [Shadow { offset_x: 0.0, offset_y: 1.0, blur: 2.0, spread: 0.0, color: Color { r: 0.0, g: 0.0, b: 0.0, a: 0.28 } }, Shadow { offset_x: 0.0, offset_y: 4.0, blur: 8.0, spread: 0.0, color: Color { r: 0.0, g: 0.0, b: 0.0, a: 0.42 } }] | cursor None | passes pointer false
  div | fill - | border - | opacity 1.00 | radius 0.0 | scale - | 62.0x32.0 | shadow [] | cursor None | passes pointer true
    text "Save" color 0.059,0.075,0.125,1.000 size 14.0 | fill - | border - | opacity 1.00 | radius 0.0 | scale - | 30.0x16.0 | shadow [] | cursor None | passes pointer true
== pressed
div | fill 0.675,0.784,1.000,1.000 | border - | opacity 1.00 | radius 12.0 | scale - | 120.0x48.0 | shadow [Shadow { offset_x: 0.0, offset_y: 1.0, blur: 2.0, spread: 0.0, color: Color { r: 0.0, g: 0.0, b: 0.0, a: 0.28 } }, Shadow { offset_x: 0.0, offset_y: 4.0, blur: 8.0, spread: 0.0, color: Color { r: 0.0, g: 0.0, b: 0.0, a: 0.42 } }] | cursor None | passes pointer false
  div | fill - | border - | opacity 1.00 | radius 0.0 | scale - | 62.0x32.0 | shadow [] | cursor None | passes pointer true
    text "Save" color 0.059,0.075,0.125,1.000 size 14.0 | fill - | border - | opacity 1.00 | radius 0.0 | scale - | 30.0x16.0 | shadow [] | cursor None | passes pointer true
== released
div | fill 0.580,0.722,1.000,1.000 | border - | opacity 1.00 | radius 12.0 | scale - | 120.0x48.0 | shadow [Shadow { offset_x: 0.0, offset_y: 1.0, blur: 2.0, spread: 0.0, color: Color { r: 0.0, g: 0.0, b: 0.0, a: 0.28 } }, Shadow { offset_x: 0.0, offset_y: 4.0, blur: 8.0, spread: 0.0, color: Color { r: 0.0, g: 0.0, b: 0.0, a: 0.42 } }] | cursor None | passes pointer false
  div | fill - | border - | opacity 1.00 | radius 0.0 | scale - | 62.0x32.0 | shadow [] | cursor None | passes pointer true
    text "Save" color 0.059,0.075,0.125,1.000 size 14.0 | fill - | border - | opacity 1.00 | radius 0.0 | scale - | 30.0x16.0 | shadow [] | cursor None | passes pointer true
== left
div | fill 0.490,0.659,1.000,1.000 | border - | opacity 1.00 | radius 12.0 | scale - | 120.0x48.0 | shadow [Shadow { offset_x: 0.0, offset_y: 1.0, blur: 2.0, spread: 0.0, color: Color { r: 0.0, g: 0.0, b: 0.0, a: 0.28 } }, Shadow { offset_x: 0.0, offset_y: 4.0, blur: 8.0, spread: 0.0, color: Color { r: 0.0, g: 0.0, b: 0.0, a: 0.42 } }] | cursor None | passes pointer false
  div | fill - | border - | opacity 1.00 | radius 0.0 | scale - | 62.0x32.0 | shadow [] | cursor None | passes pointer true
    text "Save" color 0.059,0.075,0.125,1.000 size 14.0 | fill - | border - | opacity 1.00 | radius 0.0 | scale - | 30.0x16.0 | shadow [] | cursor None | passes pointer true
== hover again
div | fill 0.580,0.722,1.000,1.000 | border - | opacity 1.00 | radius 12.0 | scale - | 120.0x48.0 | shadow [Shadow { offset_x: 0.0, offset_y: 1.0, blur: 2.0, spread: 0.0, color: Color { r: 0.0, g: 0.0, b: 0.0, a: 0.28 } }, Shadow { offset_x: 0.0, offset_y: 4.0, blur: 8.0, spread: 0.0, color: Color { r: 0.0, g: 0.0, b: 0.0, a: 0.42 } }] | cursor None | passes pointer false
  div | fill - | border - | opacity 1.00 | radius 0.0 | scale - | 62.0x32.0 | shadow [] | cursor None | passes pointer true
    text "Save" color 0.059,0.075,0.125,1.000 size 14.0 | fill - | border - | opacity 1.00 | radius 0.0 | scale - | 30.0x16.0 | shadow [] | cursor None | passes pointer true
== pressed again
div | fill 0.675,0.784,1.000,1.000 | border - | opacity 1.00 | radius 12.0 | scale - | 120.0x48.0 | shadow [Shadow { offset_x: 0.0, offset_y: 1.0, blur: 2.0, spread: 0.0, color: Color { r: 0.0, g: 0.0, b: 0.0, a: 0.28 } }, Shadow { offset_x: 0.0, offset_y: 4.0, blur: 8.0, spread: 0.0, color: Color { r: 0.0, g: 0.0, b: 0.0, a: 0.42 } }] | cursor None | passes pointer false
  div | fill - | border - | opacity 1.00 | radius 0.0 | scale - | 62.0x32.0 | shadow [] | cursor None | passes pointer true
    text "Save" color 0.059,0.075,0.125,1.000 size 14.0 | fill - | border - | opacity 1.00 | radius 0.0 | scale - | 30.0x16.0 | shadow [] | cursor None | passes pointer true
== released again
div | fill 0.580,0.722,1.000,1.000 | border - | opacity 1.00 | radius 12.0 | scale - | 120.0x48.0 | shadow [Shadow { offset_x: 0.0, offset_y: 1.0, blur: 2.0, spread: 0.0, color: Color { r: 0.0, g: 0.0, b: 0.0, a: 0.28 } }, Shadow { offset_x: 0.0, offset_y: 4.0, blur: 8.0, spread: 0.0, color: Color { r: 0.0, g: 0.0, b: 0.0, a: 0.42 } }] | cursor None | passes pointer false
  div | fill - | border - | opacity 1.00 | radius 0.0 | scale - | 62.0x32.0 | shadow [] | cursor None | passes pointer true
    text "Save" color 0.059,0.075,0.125,1.000 size 14.0 | fill - | border - | opacity 1.00 | radius 0.0 | scale - | 30.0x16.0 | shadow [] | cursor None | passes pointer true
######## disabled
== idle
div | fill 0.075,0.090,0.165,1.000 | border 0.227,0.251,0.333,1.000 w1.0 | opacity 1.00 | radius 12.0 | scale - | 63.0x33.0 | shadow [] | cursor None | passes pointer false
  div | fill - | border - | opacity 1.00 | radius 0.0 | scale - | 63.0x33.0 | shadow [] | cursor None | passes pointer true
    text "Save" color 0.451,0.478,0.549,1.000 size 14.0 | fill - | border - | opacity 1.00 | radius 0.0 | scale - | 31.0x17.0 | shadow [] | cursor None | passes pointer true
== hover
div | fill 0.075,0.090,0.165,1.000 | border 0.227,0.251,0.333,1.000 w1.0 | opacity 1.00 | radius 12.0 | scale - | 63.0x33.0 | shadow [] | cursor None | passes pointer false
  div | fill - | border - | opacity 1.00 | radius 0.0 | scale - | 63.0x33.0 | shadow [] | cursor None | passes pointer true
    text "Save" color 0.451,0.478,0.549,1.000 size 14.0 | fill - | border - | opacity 1.00 | radius 0.0 | scale - | 31.0x17.0 | shadow [] | cursor None | passes pointer true
== pressed
div | fill 0.075,0.090,0.165,1.000 | border 0.227,0.251,0.333,1.000 w1.0 | opacity 1.00 | radius 12.0 | scale - | 63.0x33.0 | shadow [] | cursor None | passes pointer false
  div | fill - | border - | opacity 1.00 | radius 0.0 | scale - | 63.0x33.0 | shadow [] | cursor None | passes pointer true
    text "Save" color 0.451,0.478,0.549,1.000 size 14.0 | fill - | border - | opacity 1.00 | radius 0.0 | scale - | 31.0x17.0 | shadow [] | cursor None | passes pointer true
== released
div | fill 0.075,0.090,0.165,1.000 | border 0.227,0.251,0.333,1.000 w1.0 | opacity 1.00 | radius 12.0 | scale - | 63.0x33.0 | shadow [] | cursor None | passes pointer false
  div | fill - | border - | opacity 1.00 | radius 0.0 | scale - | 63.0x33.0 | shadow [] | cursor None | passes pointer true
    text "Save" color 0.451,0.478,0.549,1.000 size 14.0 | fill - | border - | opacity 1.00 | radius 0.0 | scale - | 31.0x17.0 | shadow [] | cursor None | passes pointer true
== left
div | fill 0.075,0.090,0.165,1.000 | border 0.227,0.251,0.333,1.000 w1.0 | opacity 1.00 | radius 12.0 | scale - | 63.0x33.0 | shadow [] | cursor None | passes pointer false
  div | fill - | border - | opacity 1.00 | radius 0.0 | scale - | 63.0x33.0 | shadow [] | cursor None | passes pointer true
    text "Save" color 0.451,0.478,0.549,1.000 size 14.0 | fill - | border - | opacity 1.00 | radius 0.0 | scale - | 31.0x17.0 | shadow [] | cursor None | passes pointer true
== hover again
div | fill 0.075,0.090,0.165,1.000 | border 0.227,0.251,0.333,1.000 w1.0 | opacity 1.00 | radius 12.0 | scale - | 63.0x33.0 | shadow [] | cursor None | passes pointer false
  div | fill - | border - | opacity 1.00 | radius 0.0 | scale - | 63.0x33.0 | shadow [] | cursor None | passes pointer true
    text "Save" color 0.451,0.478,0.549,1.000 size 14.0 | fill - | border - | opacity 1.00 | radius 0.0 | scale - | 31.0x17.0 | shadow [] | cursor None | passes pointer true
== pressed again
div | fill 0.075,0.090,0.165,1.000 | border 0.227,0.251,0.333,1.000 w1.0 | opacity 1.00 | radius 12.0 | scale - | 63.0x33.0 | shadow [] | cursor None | passes pointer false
  div | fill - | border - | opacity 1.00 | radius 0.0 | scale - | 63.0x33.0 | shadow [] | cursor None | passes pointer true
    text "Save" color 0.451,0.478,0.549,1.000 size 14.0 | fill - | border - | opacity 1.00 | radius 0.0 | scale - | 31.0x17.0 | shadow [] | cursor None | passes pointer true
== released again
div | fill 0.075,0.090,0.165,1.000 | border 0.227,0.251,0.333,1.000 w1.0 | opacity 1.00 | radius 12.0 | scale - | 63.0x33.0 | shadow [] | cursor None | passes pointer false
  div | fill - | border - | opacity 1.00 | radius 0.0 | scale - | 63.0x33.0 | shadow [] | cursor None | passes pointer true
    text "Save" color 0.451,0.478,0.549,1.000 size 14.0 | fill - | border - | opacity 1.00 | radius 0.0 | scale - | 31.0x17.0 | shadow [] | cursor None | passes pointer true
######## text colour
== idle
div | fill 0.490,0.659,1.000,1.000 | border - | opacity 1.00 | radius 12.0 | scale - | 63.0x33.0 | shadow [Shadow { offset_x: 0.0, offset_y: 1.0, blur: 2.0, spread: 0.0, color: Color { r: 0.0, g: 0.0, b: 0.0, a: 0.28 } }, Shadow { offset_x: 0.0, offset_y: 4.0, blur: 8.0, spread: 0.0, color: Color { r: 0.0, g: 0.0, b: 0.0, a: 0.42 } }] | cursor None | passes pointer false
  div | fill - | border - | opacity 1.00 | radius 0.0 | scale - | 63.0x33.0 | shadow [] | cursor None | passes pointer true
    text "Save" color 1.000,0.500,0.000,1.000 size 14.0 | fill - | border - | opacity 1.00 | radius 0.0 | scale - | 31.0x17.0 | shadow [] | cursor None | passes pointer true
== hover
div | fill 0.580,0.722,1.000,1.000 | border - | opacity 1.00 | radius 12.0 | scale - | 63.0x33.0 | shadow [Shadow { offset_x: 0.0, offset_y: 1.0, blur: 2.0, spread: 0.0, color: Color { r: 0.0, g: 0.0, b: 0.0, a: 0.28 } }, Shadow { offset_x: 0.0, offset_y: 4.0, blur: 8.0, spread: 0.0, color: Color { r: 0.0, g: 0.0, b: 0.0, a: 0.42 } }] | cursor None | passes pointer false
  div | fill - | border - | opacity 1.00 | radius 0.0 | scale - | 63.0x33.0 | shadow [] | cursor None | passes pointer true
    text "Save" color 1.000,0.500,0.000,1.000 size 14.0 | fill - | border - | opacity 1.00 | radius 0.0 | scale - | 31.0x17.0 | shadow [] | cursor None | passes pointer true
== pressed
div | fill 0.675,0.784,1.000,1.000 | border - | opacity 1.00 | radius 12.0 | scale - | 63.0x33.0 | shadow [Shadow { offset_x: 0.0, offset_y: 1.0, blur: 2.0, spread: 0.0, color: Color { r: 0.0, g: 0.0, b: 0.0, a: 0.28 } }, Shadow { offset_x: 0.0, offset_y: 4.0, blur: 8.0, spread: 0.0, color: Color { r: 0.0, g: 0.0, b: 0.0, a: 0.42 } }] | cursor None | passes pointer false
  div | fill - | border - | opacity 1.00 | radius 0.0 | scale - | 63.0x33.0 | shadow [] | cursor None | passes pointer true
    text "Save" color 1.000,0.500,0.000,1.000 size 14.0 | fill - | border - | opacity 1.00 | radius 0.0 | scale - | 31.0x17.0 | shadow [] | cursor None | passes pointer true
== released
div | fill 0.580,0.722,1.000,1.000 | border - | opacity 1.00 | radius 12.0 | scale - | 63.0x33.0 | shadow [Shadow { offset_x: 0.0, offset_y: 1.0, blur: 2.0, spread: 0.0, color: Color { r: 0.0, g: 0.0, b: 0.0, a: 0.28 } }, Shadow { offset_x: 0.0, offset_y: 4.0, blur: 8.0, spread: 0.0, color: Color { r: 0.0, g: 0.0, b: 0.0, a: 0.42 } }] | cursor None | passes pointer false
  div | fill - | border - | opacity 1.00 | radius 0.0 | scale - | 63.0x33.0 | shadow [] | cursor None | passes pointer true
    text "Save" color 1.000,0.500,0.000,1.000 size 14.0 | fill - | border - | opacity 1.00 | radius 0.0 | scale - | 31.0x17.0 | shadow [] | cursor None | passes pointer true
== left
div | fill 0.490,0.659,1.000,1.000 | border - | opacity 1.00 | radius 12.0 | scale - | 63.0x33.0 | shadow [Shadow { offset_x: 0.0, offset_y: 1.0, blur: 2.0, spread: 0.0, color: Color { r: 0.0, g: 0.0, b: 0.0, a: 0.28 } }, Shadow { offset_x: 0.0, offset_y: 4.0, blur: 8.0, spread: 0.0, color: Color { r: 0.0, g: 0.0, b: 0.0, a: 0.42 } }] | cursor None | passes pointer false
  div | fill - | border - | opacity 1.00 | radius 0.0 | scale - | 63.0x33.0 | shadow [] | cursor None | passes pointer true
    text "Save" color 1.000,0.500,0.000,1.000 size 14.0 | fill - | border - | opacity 1.00 | radius 0.0 | scale - | 31.0x17.0 | shadow [] | cursor None | passes pointer true
== hover again
div | fill 0.580,0.722,1.000,1.000 | border - | opacity 1.00 | radius 12.0 | scale - | 63.0x33.0 | shadow [Shadow { offset_x: 0.0, offset_y: 1.0, blur: 2.0, spread: 0.0, color: Color { r: 0.0, g: 0.0, b: 0.0, a: 0.28 } }, Shadow { offset_x: 0.0, offset_y: 4.0, blur: 8.0, spread: 0.0, color: Color { r: 0.0, g: 0.0, b: 0.0, a: 0.42 } }] | cursor None | passes pointer false
  div | fill - | border - | opacity 1.00 | radius 0.0 | scale - | 63.0x33.0 | shadow [] | cursor None | passes pointer true
    text "Save" color 1.000,0.500,0.000,1.000 size 14.0 | fill - | border - | opacity 1.00 | radius 0.0 | scale - | 31.0x17.0 | shadow [] | cursor None | passes pointer true
== pressed again
div | fill 0.675,0.784,1.000,1.000 | border - | opacity 1.00 | radius 12.0 | scale - | 63.0x33.0 | shadow [Shadow { offset_x: 0.0, offset_y: 1.0, blur: 2.0, spread: 0.0, color: Color { r: 0.0, g: 0.0, b: 0.0, a: 0.28 } }, Shadow { offset_x: 0.0, offset_y: 4.0, blur: 8.0, spread: 0.0, color: Color { r: 0.0, g: 0.0, b: 0.0, a: 0.42 } }] | cursor None | passes pointer false
  div | fill - | border - | opacity 1.00 | radius 0.0 | scale - | 63.0x33.0 | shadow [] | cursor None | passes pointer true
    text "Save" color 1.000,0.500,0.000,1.000 size 14.0 | fill - | border - | opacity 1.00 | radius 0.0 | scale - | 31.0x17.0 | shadow [] | cursor None | passes pointer true
== released again
div | fill 0.580,0.722,1.000,1.000 | border - | opacity 1.00 | radius 12.0 | scale - | 63.0x33.0 | shadow [Shadow { offset_x: 0.0, offset_y: 1.0, blur: 2.0, spread: 0.0, color: Color { r: 0.0, g: 0.0, b: 0.0, a: 0.28 } }, Shadow { offset_x: 0.0, offset_y: 4.0, blur: 8.0, spread: 0.0, color: Color { r: 0.0, g: 0.0, b: 0.0, a: 0.42 } }] | cursor None | passes pointer false
  div | fill - | border - | opacity 1.00 | radius 0.0 | scale - | 63.0x33.0 | shadow [] | cursor None | passes pointer true
    text "Save" color 1.000,0.500,0.000,1.000 size 14.0 | fill - | border - | opacity 1.00 | radius 0.0 | scale - | 31.0x17.0 | shadow [] | cursor None | passes pointer true
######## state rules in a stylesheet
== idle
div | fill 0.490,0.659,1.000,1.000 | border 0.067,0.133,0.200,1.000 w2.0 | opacity 1.00 | radius 12.0 | scale - | 85.0x33.0 | shadow [Shadow { offset_x: 0.0, offset_y: 1.0, blur: 2.0, spread: 0.0, color: Color { r: 0.0, g: 0.0, b: 0.0, a: 0.28 } }, Shadow { offset_x: 0.0, offset_y: 4.0, blur: 8.0, spread: 0.0, color: Color { r: 0.0, g: 0.0, b: 0.0, a: 0.42 } }] | cursor None | passes pointer false
  div | fill - | border - | opacity 1.00 | radius 0.0 | scale - | 85.0x33.0 | shadow [] | cursor None | passes pointer true
    svg tint 0.059,0.075,0.125,1.000 | fill - | border - | opacity 1.00 | radius 0.0 | scale - | 16.0x16.0 | shadow [] | cursor None | passes pointer false
    text "Save" color 0.059,0.075,0.125,1.000 size 14.0 | fill - | border - | opacity 1.00 | radius 0.0 | scale - | 31.0x17.0 | shadow [] | cursor None | passes pointer true
== hover
div | fill 0.200,0.400,0.600,1.000 | border 0.067,0.133,0.200,1.000 w2.0 | opacity 1.00 | radius 12.0 | scale - | 85.0x33.0 | shadow [Shadow { offset_x: 0.0, offset_y: 1.0, blur: 2.0, spread: 0.0, color: Color { r: 0.0, g: 0.0, b: 0.0, a: 0.28 } }, Shadow { offset_x: 0.0, offset_y: 4.0, blur: 8.0, spread: 0.0, color: Color { r: 0.0, g: 0.0, b: 0.0, a: 0.42 } }] | cursor None | passes pointer false
  div | fill - | border - | opacity 1.00 | radius 0.0 | scale - | 85.0x33.0 | shadow [] | cursor None | passes pointer true
    svg tint 1.000,0.933,0.867,1.000 | fill - | border - | opacity 1.00 | radius 0.0 | scale - | 16.0x16.0 | shadow [] | cursor None | passes pointer false
    text "Save" color 1.000,0.933,0.867,1.000 size 14.0 | fill - | border - | opacity 1.00 | radius 0.0 | scale - | 31.0x17.0 | shadow [] | cursor None | passes pointer true
== pressed
div | fill 0.133,0.267,0.400,1.000 | border 1.000,0.533,0.000,1.000 w2.0 | opacity 1.00 | radius 12.0 | scale - | 85.0x33.0 | shadow [Shadow { offset_x: 0.0, offset_y: 1.0, blur: 2.0, spread: 0.0, color: Color { r: 0.0, g: 0.0, b: 0.0, a: 0.28 } }, Shadow { offset_x: 0.0, offset_y: 4.0, blur: 8.0, spread: 0.0, color: Color { r: 0.0, g: 0.0, b: 0.0, a: 0.42 } }] | cursor None | passes pointer false
  div | fill - | border - | opacity 1.00 | radius 0.0 | scale - | 85.0x33.0 | shadow [] | cursor None | passes pointer true
    svg tint 0.059,0.075,0.125,1.000 | fill - | border - | opacity 1.00 | radius 0.0 | scale - | 16.0x16.0 | shadow [] | cursor None | passes pointer false
    text "Save" color 0.059,0.075,0.125,1.000 size 14.0 | fill - | border - | opacity 1.00 | radius 0.0 | scale - | 31.0x17.0 | shadow [] | cursor None | passes pointer true
== released
div | fill 0.200,0.400,0.600,1.000 | border 0.067,0.133,0.200,1.000 w2.0 | opacity 1.00 | radius 12.0 | scale - | 85.0x33.0 | shadow [Shadow { offset_x: 0.0, offset_y: 1.0, blur: 2.0, spread: 0.0, color: Color { r: 0.0, g: 0.0, b: 0.0, a: 0.28 } }, Shadow { offset_x: 0.0, offset_y: 4.0, blur: 8.0, spread: 0.0, color: Color { r: 0.0, g: 0.0, b: 0.0, a: 0.42 } }] | cursor None | passes pointer false
  div | fill - | border - | opacity 1.00 | radius 0.0 | scale - | 85.0x33.0 | shadow [] | cursor None | passes pointer true
    svg tint 1.000,0.933,0.867,1.000 | fill - | border - | opacity 1.00 | radius 0.0 | scale - | 16.0x16.0 | shadow [] | cursor None | passes pointer false
    text "Save" color 1.000,0.933,0.867,1.000 size 14.0 | fill - | border - | opacity 1.00 | radius 0.0 | scale - | 31.0x17.0 | shadow [] | cursor None | passes pointer true
== left
div | fill 0.490,0.659,1.000,1.000 | border 0.067,0.133,0.200,1.000 w2.0 | opacity 1.00 | radius 12.0 | scale - | 85.0x33.0 | shadow [Shadow { offset_x: 0.0, offset_y: 1.0, blur: 2.0, spread: 0.0, color: Color { r: 0.0, g: 0.0, b: 0.0, a: 0.28 } }, Shadow { offset_x: 0.0, offset_y: 4.0, blur: 8.0, spread: 0.0, color: Color { r: 0.0, g: 0.0, b: 0.0, a: 0.42 } }] | cursor None | passes pointer false
  div | fill - | border - | opacity 1.00 | radius 0.0 | scale - | 85.0x33.0 | shadow [] | cursor None | passes pointer true
    svg tint 0.059,0.075,0.125,1.000 | fill - | border - | opacity 1.00 | radius 0.0 | scale - | 16.0x16.0 | shadow [] | cursor None | passes pointer false
    text "Save" color 0.059,0.075,0.125,1.000 size 14.0 | fill - | border - | opacity 1.00 | radius 0.0 | scale - | 31.0x17.0 | shadow [] | cursor None | passes pointer true
== hover again
div | fill 0.200,0.400,0.600,1.000 | border 0.067,0.133,0.200,1.000 w2.0 | opacity 1.00 | radius 12.0 | scale - | 85.0x33.0 | shadow [Shadow { offset_x: 0.0, offset_y: 1.0, blur: 2.0, spread: 0.0, color: Color { r: 0.0, g: 0.0, b: 0.0, a: 0.28 } }, Shadow { offset_x: 0.0, offset_y: 4.0, blur: 8.0, spread: 0.0, color: Color { r: 0.0, g: 0.0, b: 0.0, a: 0.42 } }] | cursor None | passes pointer false
  div | fill - | border - | opacity 1.00 | radius 0.0 | scale - | 85.0x33.0 | shadow [] | cursor None | passes pointer true
    svg tint 1.000,0.933,0.867,1.000 | fill - | border - | opacity 1.00 | radius 0.0 | scale - | 16.0x16.0 | shadow [] | cursor None | passes pointer false
    text "Save" color 1.000,0.933,0.867,1.000 size 14.0 | fill - | border - | opacity 1.00 | radius 0.0 | scale - | 31.0x17.0 | shadow [] | cursor None | passes pointer true
== pressed again
div | fill 0.133,0.267,0.400,1.000 | border 1.000,0.533,0.000,1.000 w2.0 | opacity 1.00 | radius 12.0 | scale - | 85.0x33.0 | shadow [Shadow { offset_x: 0.0, offset_y: 1.0, blur: 2.0, spread: 0.0, color: Color { r: 0.0, g: 0.0, b: 0.0, a: 0.28 } }, Shadow { offset_x: 0.0, offset_y: 4.0, blur: 8.0, spread: 0.0, color: Color { r: 0.0, g: 0.0, b: 0.0, a: 0.42 } }] | cursor None | passes pointer false
  div | fill - | border - | opacity 1.00 | radius 0.0 | scale - | 85.0x33.0 | shadow [] | cursor None | passes pointer true
    svg tint 0.059,0.075,0.125,1.000 | fill - | border - | opacity 1.00 | radius 0.0 | scale - | 16.0x16.0 | shadow [] | cursor None | passes pointer false
    text "Save" color 0.059,0.075,0.125,1.000 size 14.0 | fill - | border - | opacity 1.00 | radius 0.0 | scale - | 31.0x17.0 | shadow [] | cursor None | passes pointer true
== released again
div | fill 0.200,0.400,0.600,1.000 | border 0.067,0.133,0.200,1.000 w2.0 | opacity 1.00 | radius 12.0 | scale - | 85.0x33.0 | shadow [Shadow { offset_x: 0.0, offset_y: 1.0, blur: 2.0, spread: 0.0, color: Color { r: 0.0, g: 0.0, b: 0.0, a: 0.28 } }, Shadow { offset_x: 0.0, offset_y: 4.0, blur: 8.0, spread: 0.0, color: Color { r: 0.0, g: 0.0, b: 0.0, a: 0.42 } }] | cursor None | passes pointer false
  div | fill - | border - | opacity 1.00 | radius 0.0 | scale - | 85.0x33.0 | shadow [] | cursor None | passes pointer true
    svg tint 1.000,0.933,0.867,1.000 | fill - | border - | opacity 1.00 | radius 0.0 | scale - | 16.0x16.0 | shadow [] | cursor None | passes pointer false
    text "Save" color 1.000,0.933,0.867,1.000 size 14.0 | fill - | border - | opacity 1.00 | radius 0.0 | scale - | 31.0x17.0 | shadow [] | cursor None | passes pointer true
######## state rules for a disabled button
== idle
div | fill 0.333,0.200,0.133,1.000 | border 0.227,0.251,0.333,1.000 w1.0 | opacity 1.00 | radius 12.0 | scale - | 63.0x33.0 | shadow [] | cursor None | passes pointer false
  div | fill - | border - | opacity 1.00 | radius 0.0 | scale - | 63.0x33.0 | shadow [] | cursor None | passes pointer true
    text "Save" color 0.867,0.800,0.733,1.000 size 14.0 | fill - | border - | opacity 1.00 | radius 0.0 | scale - | 31.0x17.0 | shadow [] | cursor None | passes pointer true
== hover
div | fill 0.333,0.200,0.133,1.000 | border 0.227,0.251,0.333,1.000 w1.0 | opacity 1.00 | radius 12.0 | scale - | 63.0x33.0 | shadow [] | cursor None | passes pointer false
  div | fill - | border - | opacity 1.00 | radius 0.0 | scale - | 63.0x33.0 | shadow [] | cursor None | passes pointer true
    text "Save" color 0.867,0.800,0.733,1.000 size 14.0 | fill - | border - | opacity 1.00 | radius 0.0 | scale - | 31.0x17.0 | shadow [] | cursor None | passes pointer true
== pressed
div | fill 0.333,0.200,0.133,1.000 | border 0.227,0.251,0.333,1.000 w1.0 | opacity 1.00 | radius 12.0 | scale - | 63.0x33.0 | shadow [] | cursor None | passes pointer false
  div | fill - | border - | opacity 1.00 | radius 0.0 | scale - | 63.0x33.0 | shadow [] | cursor None | passes pointer true
    text "Save" color 0.867,0.800,0.733,1.000 size 14.0 | fill - | border - | opacity 1.00 | radius 0.0 | scale - | 31.0x17.0 | shadow [] | cursor None | passes pointer true
== released
div | fill 0.333,0.200,0.133,1.000 | border 0.227,0.251,0.333,1.000 w1.0 | opacity 1.00 | radius 12.0 | scale - | 63.0x33.0 | shadow [] | cursor None | passes pointer false
  div | fill - | border - | opacity 1.00 | radius 0.0 | scale - | 63.0x33.0 | shadow [] | cursor None | passes pointer true
    text "Save" color 0.867,0.800,0.733,1.000 size 14.0 | fill - | border - | opacity 1.00 | radius 0.0 | scale - | 31.0x17.0 | shadow [] | cursor None | passes pointer true
== left
div | fill 0.333,0.200,0.133,1.000 | border 0.227,0.251,0.333,1.000 w1.0 | opacity 1.00 | radius 12.0 | scale - | 63.0x33.0 | shadow [] | cursor None | passes pointer false
  div | fill - | border - | opacity 1.00 | radius 0.0 | scale - | 63.0x33.0 | shadow [] | cursor None | passes pointer true
    text "Save" color 0.867,0.800,0.733,1.000 size 14.0 | fill - | border - | opacity 1.00 | radius 0.0 | scale - | 31.0x17.0 | shadow [] | cursor None | passes pointer true
== hover again
div | fill 0.333,0.200,0.133,1.000 | border 0.227,0.251,0.333,1.000 w1.0 | opacity 1.00 | radius 12.0 | scale - | 63.0x33.0 | shadow [] | cursor None | passes pointer false
  div | fill - | border - | opacity 1.00 | radius 0.0 | scale - | 63.0x33.0 | shadow [] | cursor None | passes pointer true
    text "Save" color 0.867,0.800,0.733,1.000 size 14.0 | fill - | border - | opacity 1.00 | radius 0.0 | scale - | 31.0x17.0 | shadow [] | cursor None | passes pointer true
== pressed again
div | fill 0.333,0.200,0.133,1.000 | border 0.227,0.251,0.333,1.000 w1.0 | opacity 1.00 | radius 12.0 | scale - | 63.0x33.0 | shadow [] | cursor None | passes pointer false
  div | fill - | border - | opacity 1.00 | radius 0.0 | scale - | 63.0x33.0 | shadow [] | cursor None | passes pointer true
    text "Save" color 0.867,0.800,0.733,1.000 size 14.0 | fill - | border - | opacity 1.00 | radius 0.0 | scale - | 31.0x17.0 | shadow [] | cursor None | passes pointer true
== released again
div | fill 0.333,0.200,0.133,1.000 | border 0.227,0.251,0.333,1.000 w1.0 | opacity 1.00 | radius 12.0 | scale - | 63.0x33.0 | shadow [] | cursor None | passes pointer false
  div | fill - | border - | opacity 1.00 | radius 0.0 | scale - | 63.0x33.0 | shadow [] | cursor None | passes pointer true
    text "Save" color 0.867,0.800,0.733,1.000 size 14.0 | fill - | border - | opacity 1.00 | radius 0.0 | scale - | 31.0x17.0 | shadow [] | cursor None | passes pointer true
